************************************************************************

	WS1 Baseline Report

	Tuesday, 29 September 2026 4:27 pm

************************************************************************


Report on NonCompliant,Intermediate,NotAvailable and Settings for a selected Baseline in Lighthouse OG

Summary Information for Baseline
Baseline: MS25H2
Description: 
Template: MSFT 25H2
Current Version: 1
Parent OG: LighthouseAPJ
Assignment Count: 1

Install Summary

Status            Count Reasons
------            ----- -------
CONFIRMED_INSTALL     3 
PENDING_REBOOT        2 


Version Summary
Note: Version Summary Count does not include NotAvailable devices

Count Versions
----- --------
    5        1


Compliance Summary

Status       Count
------       -----
NotAvailable     2
NonCompliant     0
Intermediate     3
Compliant        0
NonCompliant     0
Intermediate     0
Compliant        0


Baseline Customizations

Name                     Path                                                                                              Setting
----                     ----                                                                                              -------
Account lockout duration Computer Configuration/Windows Settings/Security Settings/Account Policies/Account Lockout Policy Enabled
Enforce password history Computer Configuration/Windows Settings/Security Settings/Account Policies/Password Policy        Enabled


No Baseline Additional Policies found
Baseline Selected is assigned to the following SmartGroups

SmartGroup
----------
All Windows Devices (LighthouseAPJ)


No Devices Excluded
Devices with compliance status of NonCompliant,Intermediate,NotAvailable in MS25H2 Baseline

Device UUID                          Device Name     Serial Number                                          OS Version Last Seen            userName                  Organization Group Install Status    Baseline Version Complia
                                                                                                                                                                                                                            nce
                                                                                                                                                                                                                            Status
-----------                          -----------     -------------                                          ---------- ---------            --------                  ------------------ --------------    ---------------- -------
c6ea923b-57bf-4159-9ba4-2aaeb344b2bd DESKTOP-120LONF VMware-56 4d b0 2a 75 a5 43 5f-1a 6f c8 2b 91 fa cc cc 10.0.22000 23/3/2026 5:49:43 am omnissans.local\philtest1 India              CONFIRMED_INSTALL                1 Interm…
ec9a4aff-c76f-4843-9315-912a81f1892a DESKTOP-120LONF VMware-56 4d b0 2a 75 a5 43 5f-1a 6f c8 2b 91 fa cc cc 10.0.22000 30/3/2026 2:06:48 am omnissans.local\philtest1 LighthouseAPJ      CONFIRMED_INSTALL                1 Interm…
11f3c97e-8f65-4d0e-8d07-377c442dcb67 DESKTOP-120LONF VMware-56 4d b0 2a 75 a5 43 5f-1a 6f c8 2b 91 fa cc cc 10.0.22000 23/9/2026 6:51:56 am omnissans.local\philtest1 LighthouseAPJ      CONFIRMED_INSTALL                1 Interm…
056a8277-0729-4975-a1df-fe1cf363c437 DESKTOP-O2445N2 VMware-56 4d ec f1 ba 9d df f1-fc 4e 11 44 05 b7 51 1c 10.0.22000 23/2/2026 3:58:03 am omnissans.local\philtest1 ANZ                PENDING_REBOOT                   1 NotAva…


Settings for devices with Compliance Stats of NotAvailable or NonCompliant (includes Intermediate) with MS25H2 Baseline Installed
Total number of devices with NotAvailable or NonCompliant Compliance Status = 4

Device UUID                          Device Name     Serial Number                                          OS Version Last Seen            User Name                 Organization Group Compliance Status Policy Setting Policy
-----------                          -----------     -------------                                          ---------- ---------            ---------                 ------------------ ----------------- -------------- ------
c6ea923b-57bf-4159-9ba4-2aaeb344b2bd DESKTOP-120LONF VMware-56 4d b0 2a 75 a5 43 5f-1a 6f c8 2b 91 fa cc cc 10.0.22000 23/3/2026 5:49:43 am omnissans.local\philtest1 India              NonCompliant      Enabled        Account …
056a8277-0729-4975-a1df-fe1cf363c437 DESKTOP-O2445N2 VMware-56 4d ec f1 ba 9d df f1-fc 4e 11 44 05 b7 51 1c 10.0.22000 23/2/2026 3:58:03 am omnissans.local\philtest1 ANZ                NotAvailable      Enabled        NetBT No…
056a8277-0729-4975-a1df-fe1cf363c437 DESKTOP-O2445N2 VMware-56 4d ec f1 ba 9d df f1-fc 4e 11 44 05 b7 51 1c 10.0.22000 23/2/2026 3:58:03 am omnissans.local\philtest1 ANZ                NotAvailable      Enabled        Navigate…
056a8277-0729-4975-a1df-fe1cf363c437 DESKTOP-O2445N2 VMware-56 4d ec f1 ba 9d df f1-fc 4e 11 44 05 b7 51 1c 10.0.22000 23/2/2026 3:58:03 am omnissans.local\philtest1 ANZ                NotAvailable      Enabled        Navigate…
056a8277-0729-4975-a1df-fe1cf363c437 DESKTOP-O2445N2 VMware-56 4d ec f1 ba 9d df f1-fc 4e 11 44 05 b7 51 1c 10.0.22000 23/2/2026 3:58:03 am omnissans.local\philtest1 ANZ                NotAvailable      Enabled        MSS: (No…
056a8277-0729-4975-a1df-fe1cf363c437 DESKTOP-O2445N2 VMware-56 4d ec f1 ba 9d df f1-fc 4e 11 44 05 b7 51 1c 10.0.22000 23/2/2026 3:58:03 am omnissans.local\philtest1 ANZ                NotAvailable      Disabled       MSS: (En…
056a8277-0729-4975-a1df-fe1cf363c437 DESKTOP-O2445N2 VMware-56 4d ec f1 ba 9d df f1-fc 4e 11 44 05 b7 51 1c 10.0.22000 23/2/2026 3:58:03 am omnissans.local\philtest1 ANZ                NotAvailable      Enabled        MSS: (Di…
056a8277-0729-4975-a1df-fe1cf363c437 DESKTOP-O2445N2 VMware-56 4d ec f1 ba 9d df f1-fc 4e 11 44 05 b7 51 1c 10.0.22000 23/2/2026 3:58:03 am omnissans.local\philtest1 ANZ                NotAvailable      Enabled        MSS: (Di…
056a8277-0729-4975-a1df-fe1cf363c437 DESKTOP-O2445N2 VMware-56 4d ec f1 ba 9d df f1-fc 4e 11 44 05 b7 51 1c 10.0.22000 23/2/2026 3:58:03 am omnissans.local\philtest1 ANZ                NotAvailable      Enabled        Monitor …
056a8277-0729-4975-a1df-fe1cf363c437 DESKTOP-O2445N2 VMware-56 4d ec f1 ba 9d df f1-fc 4e 11 44 05 b7 51 1c 10.0.22000 23/2/2026 3:58:03 am omnissans.local\philtest1 ANZ                NotAvailable      Disabled       Network …
056a8277-0729-4975-a1df-fe1cf363c437 DESKTOP-O2445N2 VMware-56 4d ec f1 ba 9d df f1-fc 4e 11 44 05 b7 51 1c 10.0.22000 23/2/2026 3:58:03 am omnissans.local\philtest1 ANZ                NotAvailable      Enabled        Modify f…
056a8277-0729-4975-a1df-fe1cf363c437 DESKTOP-O2445N2 VMware-56 4d ec f1 ba 9d df f1-fc 4e 11 44 05 b7 51 1c 10.0.22000 23/2/2026 3:58:03 am omnissans.local\philtest1 ANZ                NotAvailable      Enabled        Microsof…
056a8277-0729-4975-a1df-fe1cf363c437 DESKTOP-O2445N2 VMware-56 4d ec f1 ba 9d df f1-fc 4e 11 44 05 b7 51 1c 10.0.22000 23/2/2026 3:58:03 am omnissans.local\philtest1 ANZ                NotAvailable      Disabled       Microsof…
056a8277-0729-4975-a1df-fe1cf363c437 DESKTOP-O2445N2 VMware-56 4d ec f1 ba 9d df f1-fc 4e 11 44 05 b7 51 1c 10.0.22000 23/2/2026 3:58:03 am omnissans.local\philtest1 ANZ                NotAvailable      Enabled        Microsof…
056a8277-0729-4975-a1df-fe1cf363c437 DESKTOP-O2445N2 VMware-56 4d ec f1 ba 9d df f1-fc 4e 11 44 05 b7 51 1c 10.0.22000 23/2/2026 3:58:03 am omnissans.local\philtest1 ANZ                NotAvailable      Enabled        Mandate …
056a8277-0729-4975-a1df-fe1cf363c437 DESKTOP-O2445N2 VMware-56 4d ec f1 ba 9d df f1-fc 4e 11 44 05 b7 51 1c 10.0.22000 23/2/2026 3:58:03 am omnissans.local\philtest1 ANZ                NotAvailable      Enabled        Mandate …
056a8277-0729-4975-a1df-fe1cf363c437 DESKTOP-O2445N2 VMware-56 4d ec f1 ba 9d df f1-fc 4e 11 44 05 b7 51 1c 10.0.22000 23/2/2026 3:58:03 am omnissans.local\philtest1 ANZ                NotAvailable      Enabled        Mandate …
056a8277-0729-4975-a1df-fe1cf363c437 DESKTOP-O2445N2 VMware-56 4d ec f1 ba 9d df f1-fc 4e 11 44 05 b7 51 1c 10.0.22000 23/2/2026 3:58:03 am omnissans.local\philtest1 ANZ                NotAvailable      Enabled        Mandate …
056a8277-0729-4975-a1df-fe1cf363c437 DESKTOP-O2445N2 VMware-56 4d ec f1 ba 9d df f1-fc 4e 11 44 05 b7 51 1c 10.0.22000 23/2/2026 3:58:03 am omnissans.local\philtest1 ANZ                NotAvailable      Enabled        Manage p…
056a8277-0729-4975-a1df-fe1cf363c437 DESKTOP-O2445N2 VMware-56 4d ec f1 ba 9d df f1-fc 4e 11 44 05 b7 51 1c 10.0.22000 23/2/2026 3:58:03 am omnissans.local\philtest1 ANZ                NotAvailable      Enabled        Minimum …
056a8277-0729-4975-a1df-fe1cf363c437 DESKTOP-O2445N2 VMware-56 4d ec f1 ba 9d df f1-fc 4e 11 44 05 b7 51 1c 10.0.22000 23/2/2026 3:58:03 am omnissans.local\philtest1 ANZ                NotAvailable      Enabled        Network …
056a8277-0729-4975-a1df-fe1cf363c437 DESKTOP-O2445N2 VMware-56 4d ec f1 ba 9d df f1-fc 4e 11 44 05 b7 51 1c 10.0.22000 23/2/2026 3:58:03 am omnissans.local\philtest1 ANZ                NotAvailable      Enabled        Network …
056a8277-0729-4975-a1df-fe1cf363c437 DESKTOP-O2445N2 VMware-56 4d ec f1 ba 9d df f1-fc 4e 11 44 05 b7 51 1c 10.0.22000 23/2/2026 3:58:03 am omnissans.local\philtest1 ANZ                NotAvailable      Enabled        Network …
056a8277-0729-4975-a1df-fe1cf363c437 DESKTOP-O2445N2 VMware-56 4d ec f1 ba 9d df f1-fc 4e 11 44 05 b7 51 1c 10.0.22000 23/2/2026 3:58:03 am omnissans.local\philtest1 ANZ                NotAvailable      Enabled        Prevent …
056a8277-0729-4975-a1df-fe1cf363c437 DESKTOP-O2445N2 VMware-56 4d ec f1 ba 9d df f1-fc 4e 11 44 05 b7 51 1c 10.0.22000 23/2/2026 3:58:03 am omnissans.local\philtest1 ANZ                NotAvailable      Enabled        Prevent …
056a8277-0729-4975-a1df-fe1cf363c437 DESKTOP-O2445N2 VMware-56 4d ec f1 ba 9d df f1-fc 4e 11 44 05 b7 51 1c 10.0.22000 23/2/2026 3:58:03 am omnissans.local\philtest1 ANZ                NotAvailable      Enabled        Prevent …
056a8277-0729-4975-a1df-fe1cf363c437 DESKTOP-O2445N2 VMware-56 4d ec f1 ba 9d df f1-fc 4e 11 44 05 b7 51 1c 10.0.22000 23/2/2026 3:58:03 am omnissans.local\philtest1 ANZ                NotAvailable      Enabled        Prevent …
056a8277-0729-4975-a1df-fe1cf363c437 DESKTOP-O2445N2 VMware-56 4d ec f1 ba 9d df f1-fc 4e 11 44 05 b7 51 1c 10.0.22000 23/2/2026 3:58:03 am omnissans.local\philtest1 ANZ                NotAvailable      Enabled        Prevent …
056a8277-0729-4975-a1df-fe1cf363c437 DESKTOP-O2445N2 VMware-56 4d ec f1 ba 9d df f1-fc 4e 11 44 05 b7 51 1c 10.0.22000 23/2/2026 3:58:03 am omnissans.local\philtest1 ANZ                NotAvailable      Enabled        Prevent …
056a8277-0729-4975-a1df-fe1cf363c437 DESKTOP-O2445N2 VMware-56 4d ec f1 ba 9d df f1-fc 4e 11 44 05 b7 51 1c 10.0.22000 23/2/2026 3:58:03 am omnissans.local\philtest1 ANZ                NotAvailable      Enabled        Prevent …
056a8277-0729-4975-a1df-fe1cf363c437 DESKTOP-O2445N2 VMware-56 4d ec f1 ba 9d df f1-fc 4e 11 44 05 b7 51 1c 10.0.22000 23/2/2026 3:58:03 am omnissans.local\philtest1 ANZ                NotAvailable      Enabled        Prevent …
056a8277-0729-4975-a1df-fe1cf363c437 DESKTOP-O2445N2 VMware-56 4d ec f1 ba 9d df f1-fc 4e 11 44 05 b7 51 1c 10.0.22000 23/2/2026 3:58:03 am omnissans.local\philtest1 ANZ                NotAvailable      Enabled        Perform …
056a8277-0729-4975-a1df-fe1cf363c437 DESKTOP-O2445N2 VMware-56 4d ec f1 ba 9d df f1-fc 4e 11 44 05 b7 51 1c 10.0.22000 23/2/2026 3:58:03 am omnissans.local\philtest1 ANZ                NotAvailable      Enabled        Password…
056a8277-0729-4975-a1df-fe1cf363c437 DESKTOP-O2445N2 VMware-56 4d ec f1 ba 9d df f1-fc 4e 11 44 05 b7 51 1c 10.0.22000 23/2/2026 3:58:03 am omnissans.local\philtest1 ANZ                NotAvailable      Enabled        Notify U…
056a8277-0729-4975-a1df-fe1cf363c437 DESKTOP-O2445N2 VMware-56 4d ec f1 ba 9d df f1-fc 4e 11 44 05 b7 51 1c 10.0.22000 23/2/2026 3:58:03 am omnissans.local\philtest1 ANZ                NotAvailable      Enabled        Notify P…
056a8277-0729-4975-a1df-fe1cf363c437 DESKTOP-O2445N2 VMware-56 4d ec f1 ba 9d df f1-fc 4e 11 44 05 b7 51 1c 10.0.22000 23/2/2026 3:58:03 am omnissans.local\philtest1 ANZ                NotAvailable      Enabled        Notify M…
056a8277-0729-4975-a1df-fe1cf363c437 DESKTOP-O2445N2 VMware-56 4d ec f1 ba 9d df f1-fc 4e 11 44 05 b7 51 1c 10.0.22000 23/2/2026 3:58:03 am omnissans.local\philtest1 ANZ                NotAvailable      Enabled        Network …
056a8277-0729-4975-a1df-fe1cf363c437 DESKTOP-O2445N2 VMware-56 4d ec f1 ba 9d df f1-fc 4e 11 44 05 b7 51 1c 10.0.22000 23/2/2026 3:58:03 am omnissans.local\philtest1 ANZ                NotAvailable      Enabled        Network …
056a8277-0729-4975-a1df-fe1cf363c437 DESKTOP-O2445N2 VMware-56 4d ec f1 ba 9d df f1-fc 4e 11 44 05 b7 51 1c 10.0.22000 23/2/2026 3:58:03 am omnissans.local\philtest1 ANZ                NotAvailable      Enabled        Network …
056a8277-0729-4975-a1df-fe1cf363c437 DESKTOP-O2445N2 VMware-56 4d ec f1 ba 9d df f1-fc 4e 11 44 05 b7 51 1c 10.0.22000 23/2/2026 3:58:03 am omnissans.local\philtest1 ANZ                NotAvailable      Enabled        Network …
056a8277-0729-4975-a1df-fe1cf363c437 DESKTOP-O2445N2 VMware-56 4d ec f1 ba 9d df f1-fc 4e 11 44 05 b7 51 1c 10.0.22000 23/2/2026 3:58:03 am omnissans.local\philtest1 ANZ                NotAvailable      Disabled       Network …
056a8277-0729-4975-a1df-fe1cf363c437 DESKTOP-O2445N2 VMware-56 4d ec f1 ba 9d df f1-fc 4e 11 44 05 b7 51 1c 10.0.22000 23/2/2026 3:58:03 am omnissans.local\philtest1 ANZ                NotAvailable      Enabled        Network …
056a8277-0729-4975-a1df-fe1cf363c437 DESKTOP-O2445N2 VMware-56 4d ec f1 ba 9d df f1-fc 4e 11 44 05 b7 51 1c 10.0.22000 23/2/2026 3:58:03 am omnissans.local\philtest1 ANZ                NotAvailable      Enabled        Manage a…
056a8277-0729-4975-a1df-fe1cf363c437 DESKTOP-O2445N2 VMware-56 4d ec f1 ba 9d df f1-fc 4e 11 44 05 b7 51 1c 10.0.22000 23/2/2026 3:58:03 am omnissans.local\philtest1 ANZ                NotAvailable      Enabled        Prevent …
056a8277-0729-4975-a1df-fe1cf363c437 DESKTOP-O2445N2 VMware-56 4d ec f1 ba 9d df f1-fc 4e 11 44 05 b7 51 1c 10.0.22000 23/2/2026 3:58:03 am omnissans.local\philtest1 ANZ                NotAvailable      Enabled        LSA Prot…
056a8277-0729-4975-a1df-fe1cf363c437 DESKTOP-O2445N2 VMware-56 4d ec f1 ba 9d df f1-fc 4e 11 44 05 b7 51 1c 10.0.22000 23/2/2026 3:58:03 am omnissans.local\philtest1 ANZ                NotAvailable      Enabled        Logon op…
056a8277-0729-4975-a1df-fe1cf363c437 DESKTOP-O2445N2 VMware-56 4d ec f1 ba 9d df f1-fc 4e 11 44 05 b7 51 1c 10.0.22000 23/2/2026 3:58:03 am omnissans.local\philtest1 ANZ                NotAvailable      Enabled        Internet…
056a8277-0729-4975-a1df-fe1cf363c437 DESKTOP-O2445N2 VMware-56 4d ec f1 ba 9d df f1-fc 4e 11 44 05 b7 51 1c 10.0.22000 23/2/2026 3:58:03 am omnissans.local\philtest1 ANZ                NotAvailable      Enabled        Internet…
056a8277-0729-4975-a1df-fe1cf363c437 DESKTOP-O2445N2 VMware-56 4d ec f1 ba 9d df f1-fc 4e 11 44 05 b7 51 1c 10.0.22000 23/2/2026 3:58:03 am omnissans.local\philtest1 ANZ                NotAvailable      Enabled        Interact…
056a8277-0729-4975-a1df-fe1cf363c437 DESKTOP-O2445N2 VMware-56 4d ec f1 ba 9d df f1-fc 4e 11 44 05 b7 51 1c 10.0.22000 23/2/2026 3:58:03 am omnissans.local\philtest1 ANZ                NotAvailable      Enabled        Interact…
056a8277-0729-4975-a1df-fe1cf363c437 DESKTOP-O2445N2 VMware-56 4d ec f1 ba 9d df f1-fc 4e 11 44 05 b7 51 1c 10.0.22000 23/2/2026 3:58:03 am omnissans.local\philtest1 ANZ                NotAvailable      Enabled        Initiali…
056a8277-0729-4975-a1df-fe1cf363c437 DESKTOP-O2445N2 VMware-56 4d ec f1 ba 9d df f1-fc 4e 11 44 05 b7 51 1c 10.0.22000 23/2/2026 3:58:03 am omnissans.local\philtest1 ANZ                NotAvailable      Enabled        Initiali…
056a8277-0729-4975-a1df-fe1cf363c437 DESKTOP-O2445N2 VMware-56 4d ec f1 ba 9d df f1-fc 4e 11 44 05 b7 51 1c 10.0.22000 23/2/2026 3:58:03 am omnissans.local\philtest1 ANZ                NotAvailable      Enabled        Initiali…
056a8277-0729-4975-a1df-fe1cf363c437 DESKTOP-O2445N2 VMware-56 4d ec f1 ba 9d df f1-fc 4e 11 44 05 b7 51 1c 10.0.22000 23/2/2026 3:58:03 am omnissans.local\philtest1 ANZ                NotAvailable      Enabled        Initiali…
056a8277-0729-4975-a1df-fe1cf363c437 DESKTOP-O2445N2 VMware-56 4d ec f1 ba 9d df f1-fc 4e 11 44 05 b7 51 1c 10.0.22000 23/2/2026 3:58:03 am omnissans.local\philtest1 ANZ                NotAvailable      Enabled        Internet…
056a8277-0729-4975-a1df-fe1cf363c437 DESKTOP-O2445N2 VMware-56 4d ec f1 ba 9d df f1-fc 4e 11 44 05 b7 51 1c 10.0.22000 23/2/2026 3:58:03 am omnissans.local\philtest1 ANZ                NotAvailable      Enabled        Include …
056a8277-0729-4975-a1df-fe1cf363c437 DESKTOP-O2445N2 VMware-56 4d ec f1 ba 9d df f1-fc 4e 11 44 05 b7 51 1c 10.0.22000 23/2/2026 3:58:03 am omnissans.local\philtest1 ANZ                NotAvailable      Enabled        Include …
056a8277-0729-4975-a1df-fe1cf363c437 DESKTOP-O2445N2 VMware-56 4d ec f1 ba 9d df f1-fc 4e 11 44 05 b7 51 1c 10.0.22000 23/2/2026 3:58:03 am omnissans.local\philtest1 ANZ                NotAvailable      Enabled        Imperson…
056a8277-0729-4975-a1df-fe1cf363c437 DESKTOP-O2445N2 VMware-56 4d ec f1 ba 9d df f1-fc 4e 11 44 05 b7 51 1c 10.0.22000 23/2/2026 3:58:03 am omnissans.local\philtest1 ANZ                NotAvailable      Enabled        Hardened…
056a8277-0729-4975-a1df-fe1cf363c437 DESKTOP-O2445N2 VMware-56 4d ec f1 ba 9d df f1-fc 4e 11 44 05 b7 51 1c 10.0.22000 23/2/2026 3:58:03 am omnissans.local\philtest1 ANZ                NotAvailable      Enabled        Force sh…
056a8277-0729-4975-a1df-fe1cf363c437 DESKTOP-O2445N2 VMware-56 4d ec f1 ba 9d df f1-fc 4e 11 44 05 b7 51 1c 10.0.22000 23/2/2026 3:58:03 am omnissans.local\philtest1 ANZ                NotAvailable      Enabled        Enumerat…
056a8277-0729-4975-a1df-fe1cf363c437 DESKTOP-O2445N2 VMware-56 4d ec f1 ba 9d df f1-fc 4e 11 44 05 b7 51 1c 10.0.22000 23/2/2026 3:58:03 am omnissans.local\philtest1 ANZ                NotAvailable      Disabled       Enumerat…
056a8277-0729-4975-a1df-fe1cf363c437 DESKTOP-O2445N2 VMware-56 4d ec f1 ba 9d df f1-fc 4e 11 44 05 b7 51 1c 10.0.22000 23/2/2026 3:58:03 am omnissans.local\philtest1 ANZ                NotAvailable      Disabled       Enumerat…
056a8277-0729-4975-a1df-fe1cf363c437 DESKTOP-O2445N2 VMware-56 4d ec f1 ba 9d df f1-fc 4e 11 44 05 b7 51 1c 10.0.22000 23/2/2026 3:58:03 am omnissans.local\philtest1 ANZ                NotAvailable      Enabled        Enforce …
056a8277-0729-4975-a1df-fe1cf363c437 DESKTOP-O2445N2 VMware-56 4d ec f1 ba 9d df f1-fc 4e 11 44 05 b7 51 1c 10.0.22000 23/2/2026 3:58:03 am omnissans.local\philtest1 ANZ                NotAvailable      Enabled        Include …
056a8277-0729-4975-a1df-fe1cf363c437 DESKTOP-O2445N2 VMware-56 4d ec f1 ba 9d df f1-fc 4e 11 44 05 b7 51 1c 10.0.22000 23/2/2026 3:58:03 am omnissans.local\philtest1 ANZ                NotAvailable      Enabled        Internet…
056a8277-0729-4975-a1df-fe1cf363c437 DESKTOP-O2445N2 VMware-56 4d ec f1 ba 9d df f1-fc 4e 11 44 05 b7 51 1c 10.0.22000 23/2/2026 3:58:03 am omnissans.local\philtest1 ANZ                NotAvailable      Enabled        Internet…
056a8277-0729-4975-a1df-fe1cf363c437 DESKTOP-O2445N2 VMware-56 4d ec f1 ba 9d df f1-fc 4e 11 44 05 b7 51 1c 10.0.22000 23/2/2026 3:58:03 am omnissans.local\philtest1 ANZ                NotAvailable      Enabled        Internet…
056a8277-0729-4975-a1df-fe1cf363c437 DESKTOP-O2445N2 VMware-56 4d ec f1 ba 9d df f1-fc 4e 11 44 05 b7 51 1c 10.0.22000 23/2/2026 3:58:03 am omnissans.local\philtest1 ANZ                NotAvailable      Enabled        Lock pag…
056a8277-0729-4975-a1df-fe1cf363c437 DESKTOP-O2445N2 VMware-56 4d ec f1 ba 9d df f1-fc 4e 11 44 05 b7 51 1c 10.0.22000 23/2/2026 3:58:03 am omnissans.local\philtest1 ANZ                NotAvailable      Enabled        Load and…
056a8277-0729-4975-a1df-fe1cf363c437 DESKTOP-O2445N2 VMware-56 4d ec f1 ba 9d df f1-fc 4e 11 44 05 b7 51 1c 10.0.22000 23/2/2026 3:58:03 am omnissans.local\philtest1 ANZ                NotAvailable      Enabled        Limits p…
056a8277-0729-4975-a1df-fe1cf363c437 DESKTOP-O2445N2 VMware-56 4d ec f1 ba 9d df f1-fc 4e 11 44 05 b7 51 1c 10.0.22000 23/2/2026 3:58:03 am omnissans.local\philtest1 ANZ                NotAvailable      Enabled        Let Wind…
056a8277-0729-4975-a1df-fe1cf363c437 DESKTOP-O2445N2 VMware-56 4d ec f1 ba 9d df f1-fc 4e 11 44 05 b7 51 1c 10.0.22000 23/2/2026 3:58:03 am omnissans.local\philtest1 ANZ                NotAvailable      Enabled        Launchin…
056a8277-0729-4975-a1df-fe1cf363c437 DESKTOP-O2445N2 VMware-56 4d ec f1 ba 9d df f1-fc 4e 11 44 05 b7 51 1c 10.0.22000 23/2/2026 3:58:03 am omnissans.local\philtest1 ANZ                NotAvailable      Enabled        Launchin…
056a8277-0729-4975-a1df-fe1cf363c437 DESKTOP-O2445N2 VMware-56 4d ec f1 ba 9d df f1-fc 4e 11 44 05 b7 51 1c 10.0.22000 23/2/2026 3:58:03 am omnissans.local\philtest1 ANZ                NotAvailable      Enabled        Join Mic…
056a8277-0729-4975-a1df-fe1cf363c437 DESKTOP-O2445N2 VMware-56 4d ec f1 ba 9d df f1-fc 4e 11 44 05 b7 51 1c 10.0.22000 23/2/2026 3:58:03 am omnissans.local\philtest1 ANZ                NotAvailable      Enabled        Java per…
056a8277-0729-4975-a1df-fe1cf363c437 DESKTOP-O2445N2 VMware-56 4d ec f1 ba 9d df f1-fc 4e 11 44 05 b7 51 1c 10.0.22000 23/2/2026 3:58:03 am omnissans.local\philtest1 ANZ                NotAvailable      Enabled        Java per…
056a8277-0729-4975-a1df-fe1cf363c437 DESKTOP-O2445N2 VMware-56 4d ec f1 ba 9d df f1-fc 4e 11 44 05 b7 51 1c 10.0.22000 23/2/2026 3:58:03 am omnissans.local\philtest1 ANZ                NotAvailable      Enabled        Java per…
056a8277-0729-4975-a1df-fe1cf363c437 DESKTOP-O2445N2 VMware-56 4d ec f1 ba 9d df f1-fc 4e 11 44 05 b7 51 1c 10.0.22000 23/2/2026 3:58:03 am omnissans.local\philtest1 ANZ                NotAvailable      Enabled        Java per…
056a8277-0729-4975-a1df-fe1cf363c437 DESKTOP-O2445N2 VMware-56 4d ec f1 ba 9d df f1-fc 4e 11 44 05 b7 51 1c 10.0.22000 23/2/2026 3:58:03 am omnissans.local\philtest1 ANZ                NotAvailable      Enabled        Java per…
056a8277-0729-4975-a1df-fe1cf363c437 DESKTOP-O2445N2 VMware-56 4d ec f1 ba 9d df f1-fc 4e 11 44 05 b7 51 1c 10.0.22000 23/2/2026 3:58:03 am omnissans.local\philtest1 ANZ                NotAvailable      Enabled        Java per…
056a8277-0729-4975-a1df-fe1cf363c437 DESKTOP-O2445N2 VMware-56 4d ec f1 ba 9d df f1-fc 4e 11 44 05 b7 51 1c 10.0.22000 23/2/2026 3:58:03 am omnissans.local\philtest1 ANZ                NotAvailable      Enabled        Java per…
056a8277-0729-4975-a1df-fe1cf363c437 DESKTOP-O2445N2 VMware-56 4d ec f1 ba 9d df f1-fc 4e 11 44 05 b7 51 1c 10.0.22000 23/2/2026 3:58:03 am omnissans.local\philtest1 ANZ                NotAvailable      Enabled        Java per…
056a8277-0729-4975-a1df-fe1cf363c437 DESKTOP-O2445N2 VMware-56 4d ec f1 ba 9d df f1-fc 4e 11 44 05 b7 51 1c 10.0.22000 23/2/2026 3:58:03 am omnissans.local\philtest1 ANZ                NotAvailable      Enabled        Java per…
056a8277-0729-4975-a1df-fe1cf363c437 DESKTOP-O2445N2 VMware-56 4d ec f1 ba 9d df f1-fc 4e 11 44 05 b7 51 1c 10.0.22000 23/2/2026 3:58:03 am omnissans.local\philtest1 ANZ                NotAvailable      Disabled       Intranet…
056a8277-0729-4975-a1df-fe1cf363c437 DESKTOP-O2445N2 VMware-56 4d ec f1 ba 9d df f1-fc 4e 11 44 05 b7 51 1c 10.0.22000 23/2/2026 3:58:03 am omnissans.local\philtest1 ANZ                NotAvailable      Enabled        Internet…
056a8277-0729-4975-a1df-fe1cf363c437 DESKTOP-O2445N2 VMware-56 4d ec f1 ba 9d df f1-fc 4e 11 44 05 b7 51 1c 10.0.22000 23/2/2026 3:58:03 am omnissans.local\philtest1 ANZ                NotAvailable      Enabled        Internet…
056a8277-0729-4975-a1df-fe1cf363c437 DESKTOP-O2445N2 VMware-56 4d ec f1 ba 9d df f1-fc 4e 11 44 05 b7 51 1c 10.0.22000 23/2/2026 3:58:03 am omnissans.local\philtest1 ANZ                NotAvailable      Enabled        Logon op…
056a8277-0729-4975-a1df-fe1cf363c437 DESKTOP-O2445N2 VMware-56 4d ec f1 ba 9d df f1-fc 4e 11 44 05 b7 51 1c 10.0.22000 23/2/2026 3:58:03 am omnissans.local\philtest1 ANZ                NotAvailable      Enabled        Prevent …
056a8277-0729-4975-a1df-fe1cf363c437 DESKTOP-O2445N2 VMware-56 4d ec f1 ba 9d df f1-fc 4e 11 44 05 b7 51 1c 10.0.22000 23/2/2026 3:58:03 am omnissans.local\philtest1 ANZ                NotAvailable      Enabled        Profile …
056a8277-0729-4975-a1df-fe1cf363c437 DESKTOP-O2445N2 VMware-56 4d ec f1 ba 9d df f1-fc 4e 11 44 05 b7 51 1c 10.0.22000 23/2/2026 3:58:03 am omnissans.local\philtest1 ANZ                NotAvailable      Enabled        Prohibit…
056a8277-0729-4975-a1df-fe1cf363c437 DESKTOP-O2445N2 VMware-56 4d ec f1 ba 9d df f1-fc 4e 11 44 05 b7 51 1c 10.0.22000 23/2/2026 3:58:03 am omnissans.local\philtest1 ANZ                NotAvailable      Enabled        Turn on …
056a8277-0729-4975-a1df-fe1cf363c437 DESKTOP-O2445N2 VMware-56 4d ec f1 ba 9d df f1-fc 4e 11 44 05 b7 51 1c 10.0.22000 23/2/2026 3:58:03 am omnissans.local\philtest1 ANZ                NotAvailable      Enabled        Turn on …
056a8277-0729-4975-a1df-fe1cf363c437 DESKTOP-O2445N2 VMware-56 4d ec f1 ba 9d df f1-fc 4e 11 44 05 b7 51 1c 10.0.22000 23/2/2026 3:58:03 am omnissans.local\philtest1 ANZ                NotAvailable      Enabled        Turn on …
056a8277-0729-4975-a1df-fe1cf363c437 DESKTOP-O2445N2 VMware-56 4d ec f1 ba 9d df f1-fc 4e 11 44 05 b7 51 1c 10.0.22000 23/2/2026 3:58:03 am omnissans.local\philtest1 ANZ                NotAvailable      Enabled        Turn on …
056a8277-0729-4975-a1df-fe1cf363c437 DESKTOP-O2445N2 VMware-56 4d ec f1 ba 9d df f1-fc 4e 11 44 05 b7 51 1c 10.0.22000 23/2/2026 3:58:03 am omnissans.local\philtest1 ANZ                NotAvailable      Enabled        Turn on …
056a8277-0729-4975-a1df-fe1cf363c437 DESKTOP-O2445N2 VMware-56 4d ec f1 ba 9d df f1-fc 4e 11 44 05 b7 51 1c 10.0.22000 23/2/2026 3:58:03 am omnissans.local\philtest1 ANZ                NotAvailable      Enabled        Turn on …
056a8277-0729-4975-a1df-fe1cf363c437 DESKTOP-O2445N2 VMware-56 4d ec f1 ba 9d df f1-fc 4e 11 44 05 b7 51 1c 10.0.22000 23/2/2026 3:58:03 am omnissans.local\philtest1 ANZ                NotAvailable      Enabled        Turn on …
056a8277-0729-4975-a1df-fe1cf363c437 DESKTOP-O2445N2 VMware-56 4d ec f1 ba 9d df f1-fc 4e 11 44 05 b7 51 1c 10.0.22000 23/2/2026 3:58:03 am omnissans.local\philtest1 ANZ                NotAvailable      Enabled        Turn on …
056a8277-0729-4975-a1df-fe1cf363c437 DESKTOP-O2445N2 VMware-56 4d ec f1 ba 9d df f1-fc 4e 11 44 05 b7 51 1c 10.0.22000 23/2/2026 3:58:03 am omnissans.local\philtest1 ANZ                NotAvailable      Enabled        Turn on …
056a8277-0729-4975-a1df-fe1cf363c437 DESKTOP-O2445N2 VMware-56 4d ec f1 ba 9d df f1-fc 4e 11 44 05 b7 51 1c 10.0.22000 23/2/2026 3:58:03 am omnissans.local\philtest1 ANZ                NotAvailable      Enabled        Turn on …
056a8277-0729-4975-a1df-fe1cf363c437 DESKTOP-O2445N2 VMware-56 4d ec f1 ba 9d df f1-fc 4e 11 44 05 b7 51 1c 10.0.22000 23/2/2026 3:58:03 am omnissans.local\philtest1 ANZ                NotAvailable      Enabled        Turn on …
056a8277-0729-4975-a1df-fe1cf363c437 DESKTOP-O2445N2 VMware-56 4d ec f1 ba 9d df f1-fc 4e 11 44 05 b7 51 1c 10.0.22000 23/2/2026 3:58:03 am omnissans.local\philtest1 ANZ                NotAvailable      Enabled        Turn on …
056a8277-0729-4975-a1df-fe1cf363c437 DESKTOP-O2445N2 VMware-56 4d ec f1 ba 9d df f1-fc 4e 11 44 05 b7 51 1c 10.0.22000 23/2/2026 3:58:03 am omnissans.local\philtest1 ANZ                NotAvailable      Enabled        Turn on …
056a8277-0729-4975-a1df-fe1cf363c437 DESKTOP-O2445N2 VMware-56 4d ec f1 ba 9d df f1-fc 4e 11 44 05 b7 51 1c 10.0.22000 23/2/2026 3:58:03 am omnissans.local\philtest1 ANZ                NotAvailable      Enabled        Turn off…
056a8277-0729-4975-a1df-fe1cf363c437 DESKTOP-O2445N2 VMware-56 4d ec f1 ba 9d df f1-fc 4e 11 44 05 b7 51 1c 10.0.22000 23/2/2026 3:58:03 am omnissans.local\philtest1 ANZ                NotAvailable      Disabled       Turn off…
056a8277-0729-4975-a1df-fe1cf363c437 DESKTOP-O2445N2 VMware-56 4d ec f1 ba 9d df f1-fc 4e 11 44 05 b7 51 1c 10.0.22000 23/2/2026 3:58:03 am omnissans.local\philtest1 ANZ                NotAvailable      Disabled       Turn off…
056a8277-0729-4975-a1df-fe1cf363c437 DESKTOP-O2445N2 VMware-56 4d ec f1 ba 9d df f1-fc 4e 11 44 05 b7 51 1c 10.0.22000 23/2/2026 3:58:03 am omnissans.local\philtest1 ANZ                NotAvailable      Disabled       Turn off…
056a8277-0729-4975-a1df-fe1cf363c437 DESKTOP-O2445N2 VMware-56 4d ec f1 ba 9d df f1-fc 4e 11 44 05 b7 51 1c 10.0.22000 23/2/2026 3:58:03 am omnissans.local\philtest1 ANZ                NotAvailable      Enabled        Turn off…
056a8277-0729-4975-a1df-fe1cf363c437 DESKTOP-O2445N2 VMware-56 4d ec f1 ba 9d df f1-fc 4e 11 44 05 b7 51 1c 10.0.22000 23/2/2026 3:58:03 am omnissans.local\philtest1 ANZ                NotAvailable      Disabled       Turn on …
056a8277-0729-4975-a1df-fe1cf363c437 DESKTOP-O2445N2 VMware-56 4d ec f1 ba 9d df f1-fc 4e 11 44 05 b7 51 1c 10.0.22000 23/2/2026 3:58:03 am omnissans.local\philtest1 ANZ                NotAvailable      Enabled        Turn on …
056a8277-0729-4975-a1df-fe1cf363c437 DESKTOP-O2445N2 VMware-56 4d ec f1 ba 9d df f1-fc 4e 11 44 05 b7 51 1c 10.0.22000 23/2/2026 3:58:03 am omnissans.local\philtest1 ANZ                NotAvailable      Enabled        Turn on …
056a8277-0729-4975-a1df-fe1cf363c437 DESKTOP-O2445N2 VMware-56 4d ec f1 ba 9d df f1-fc 4e 11 44 05 b7 51 1c 10.0.22000 23/2/2026 3:58:03 am omnissans.local\philtest1 ANZ                NotAvailable      Disabled       Turn on …
056a8277-0729-4975-a1df-fe1cf363c437 DESKTOP-O2445N2 VMware-56 4d ec f1 ba 9d df f1-fc 4e 11 44 05 b7 51 1c 10.0.22000 23/2/2026 3:58:03 am omnissans.local\philtest1 ANZ                NotAvailable      Enabled        Xbox Liv…
056a8277-0729-4975-a1df-fe1cf363c437 DESKTOP-O2445N2 VMware-56 4d ec f1 ba 9d df f1-fc 4e 11 44 05 b7 51 1c 10.0.22000 23/2/2026 3:58:03 am omnissans.local\philtest1 ANZ                NotAvailable      Enabled        Xbox Acc…
056a8277-0729-4975-a1df-fe1cf363c437 DESKTOP-O2445N2 VMware-56 4d ec f1 ba 9d df f1-fc 4e 11 44 05 b7 51 1c 10.0.22000 23/2/2026 3:58:03 am omnissans.local\philtest1 ANZ                NotAvailable      Enabled        Windows …
056a8277-0729-4975-a1df-fe1cf363c437 DESKTOP-O2445N2 VMware-56 4d ec f1 ba 9d df f1-fc 4e 11 44 05 b7 51 1c 10.0.22000 23/2/2026 3:58:03 am omnissans.local\philtest1 ANZ                NotAvailable      Enabled        Web site…
056a8277-0729-4975-a1df-fe1cf363c437 DESKTOP-O2445N2 VMware-56 4d ec f1 ba 9d df f1-fc 4e 11 44 05 b7 51 1c 10.0.22000 23/2/2026 3:58:03 am omnissans.local\philtest1 ANZ                NotAvailable      Enabled        Web site…
056a8277-0729-4975-a1df-fe1cf363c437 DESKTOP-O2445N2 VMware-56 4d ec f1 ba 9d df f1-fc 4e 11 44 05 b7 51 1c 10.0.22000 23/2/2026 3:58:03 am omnissans.local\philtest1 ANZ                NotAvailable      Enabled        Userdata…
056a8277-0729-4975-a1df-fe1cf363c437 DESKTOP-O2445N2 VMware-56 4d ec f1 ba 9d df f1-fc 4e 11 44 05 b7 51 1c 10.0.22000 23/2/2026 3:58:03 am omnissans.local\philtest1 ANZ                NotAvailable      Enabled        Userdata…
056a8277-0729-4975-a1df-fe1cf363c437 DESKTOP-O2445N2 VMware-56 4d ec f1 ba 9d df f1-fc 4e 11 44 05 b7 51 1c 10.0.22000 23/2/2026 3:58:03 am omnissans.local\philtest1 ANZ                NotAvailable      Enabled        User Acc…
056a8277-0729-4975-a1df-fe1cf363c437 DESKTOP-O2445N2 VMware-56 4d ec f1 ba 9d df f1-fc 4e 11 44 05 b7 51 1c 10.0.22000 23/2/2026 3:58:03 am omnissans.local\philtest1 ANZ                NotAvailable      Enabled        User Acc…
056a8277-0729-4975-a1df-fe1cf363c437 DESKTOP-O2445N2 VMware-56 4d ec f1 ba 9d df f1-fc 4e 11 44 05 b7 51 1c 10.0.22000 23/2/2026 3:58:03 am omnissans.local\philtest1 ANZ                NotAvailable      Enabled        User Acc…
056a8277-0729-4975-a1df-fe1cf363c437 DESKTOP-O2445N2 VMware-56 4d ec f1 ba 9d df f1-fc 4e 11 44 05 b7 51 1c 10.0.22000 23/2/2026 3:58:03 am omnissans.local\philtest1 ANZ                NotAvailable      Enabled        User Acc…
056a8277-0729-4975-a1df-fe1cf363c437 DESKTOP-O2445N2 VMware-56 4d ec f1 ba 9d df f1-fc 4e 11 44 05 b7 51 1c 10.0.22000 23/2/2026 3:58:03 am omnissans.local\philtest1 ANZ                NotAvailable      Enabled        User Acc…
056a8277-0729-4975-a1df-fe1cf363c437 DESKTOP-O2445N2 VMware-56 4d ec f1 ba 9d df f1-fc 4e 11 44 05 b7 51 1c 10.0.22000 23/2/2026 3:58:03 am omnissans.local\philtest1 ANZ                NotAvailable      Enabled        User Acc…
056a8277-0729-4975-a1df-fe1cf363c437 DESKTOP-O2445N2 VMware-56 4d ec f1 ba 9d df f1-fc 4e 11 44 05 b7 51 1c 10.0.22000 23/2/2026 3:58:03 am omnissans.local\philtest1 ANZ                NotAvailable      Enabled        User Acc…
056a8277-0729-4975-a1df-fe1cf363c437 DESKTOP-O2445N2 VMware-56 4d ec f1 ba 9d df f1-fc 4e 11 44 05 b7 51 1c 10.0.22000 23/2/2026 3:58:03 am omnissans.local\philtest1 ANZ                NotAvailable      Enabled        User Acc…
056a8277-0729-4975-a1df-fe1cf363c437 DESKTOP-O2445N2 VMware-56 4d ec f1 ba 9d df f1-fc 4e 11 44 05 b7 51 1c 10.0.22000 23/2/2026 3:58:03 am omnissans.local\philtest1 ANZ                NotAvailable      Enabled        User Acc…
056a8277-0729-4975-a1df-fe1cf363c437 DESKTOP-O2445N2 VMware-56 4d ec f1 ba 9d df f1-fc 4e 11 44 05 b7 51 1c 10.0.22000 23/2/2026 3:58:03 am omnissans.local\philtest1 ANZ                NotAvailable      Enabled        Use Pop-…
056a8277-0729-4975-a1df-fe1cf363c437 DESKTOP-O2445N2 VMware-56 4d ec f1 ba 9d df f1-fc 4e 11 44 05 b7 51 1c 10.0.22000 23/2/2026 3:58:03 am omnissans.local\philtest1 ANZ                NotAvailable      Enabled        Use Pop-…
056a8277-0729-4975-a1df-fe1cf363c437 DESKTOP-O2445N2 VMware-56 4d ec f1 ba 9d df f1-fc 4e 11 44 05 b7 51 1c 10.0.22000 23/2/2026 3:58:03 am omnissans.local\philtest1 ANZ                NotAvailable      Enabled        Turn On …
056a8277-0729-4975-a1df-fe1cf363c437 DESKTOP-O2445N2 VMware-56 4d ec f1 ba 9d df f1-fc 4e 11 44 05 b7 51 1c 10.0.22000 23/2/2026 3:58:03 am omnissans.local\philtest1 ANZ                NotAvailable      Enabled        Turn off…
056a8277-0729-4975-a1df-fe1cf363c437 DESKTOP-O2445N2 VMware-56 4d ec f1 ba 9d df f1-fc 4e 11 44 05 b7 51 1c 10.0.22000 23/2/2026 3:58:03 am omnissans.local\philtest1 ANZ                NotAvailable      Enabled        Turn off…
056a8277-0729-4975-a1df-fe1cf363c437 DESKTOP-O2445N2 VMware-56 4d ec f1 ba 9d df f1-fc 4e 11 44 05 b7 51 1c 10.0.22000 23/2/2026 3:58:03 am omnissans.local\philtest1 ANZ                NotAvailable      Enabled        Turn off…
056a8277-0729-4975-a1df-fe1cf363c437 DESKTOP-O2445N2 VMware-56 4d ec f1 ba 9d df f1-fc 4e 11 44 05 b7 51 1c 10.0.22000 23/2/2026 3:58:03 am omnissans.local\philtest1 ANZ                NotAvailable      Enabled        Turn off…
056a8277-0729-4975-a1df-fe1cf363c437 DESKTOP-O2445N2 VMware-56 4d ec f1 ba 9d df f1-fc 4e 11 44 05 b7 51 1c 10.0.22000 23/2/2026 3:58:03 am omnissans.local\philtest1 ANZ                NotAvailable      Enabled        Script A…
056a8277-0729-4975-a1df-fe1cf363c437 DESKTOP-O2445N2 VMware-56 4d ec f1 ba 9d df f1-fc 4e 11 44 05 b7 51 1c 10.0.22000 23/2/2026 3:58:03 am omnissans.local\philtest1 ANZ                NotAvailable      Enabled        Scan rem…
056a8277-0729-4975-a1df-fe1cf363c437 DESKTOP-O2445N2 VMware-56 4d ec f1 ba 9d df f1-fc 4e 11 44 05 b7 51 1c 10.0.22000 23/2/2026 3:58:03 am omnissans.local\philtest1 ANZ                NotAvailable      Enabled        Scan exc…
056a8277-0729-4975-a1df-fe1cf363c437 DESKTOP-O2445N2 VMware-56 4d ec f1 ba 9d df f1-fc 4e 11 44 05 b7 51 1c 10.0.22000 23/2/2026 3:58:03 am omnissans.local\philtest1 ANZ                NotAvailable      Enabled        Scan all…
056a8277-0729-4975-a1df-fe1cf363c437 DESKTOP-O2445N2 VMware-56 4d ec f1 ba 9d df f1-fc 4e 11 44 05 b7 51 1c 10.0.22000 23/2/2026 3:58:03 am omnissans.local\philtest1 ANZ                NotAvailable      Enabled        Run Acti…
056a8277-0729-4975-a1df-fe1cf363c437 DESKTOP-O2445N2 VMware-56 4d ec f1 ba 9d df f1-fc 4e 11 44 05 b7 51 1c 10.0.22000 23/2/2026 3:58:03 am omnissans.local\philtest1 ANZ                NotAvailable      Enabled        Run .NET…
056a8277-0729-4975-a1df-fe1cf363c437 DESKTOP-O2445N2 VMware-56 4d ec f1 ba 9d df f1-fc 4e 11 44 05 b7 51 1c 10.0.22000 23/2/2026 3:58:03 am omnissans.local\philtest1 ANZ                NotAvailable      Enabled        Run .NET…
056a8277-0729-4975-a1df-fe1cf363c437 DESKTOP-O2445N2 VMware-56 4d ec f1 ba 9d df f1-fc 4e 11 44 05 b7 51 1c 10.0.22000 23/2/2026 3:58:03 am omnissans.local\philtest1 ANZ                NotAvailable      Enabled        Run .NET…
056a8277-0729-4975-a1df-fe1cf363c437 DESKTOP-O2445N2 VMware-56 4d ec f1 ba 9d df f1-fc 4e 11 44 05 b7 51 1c 10.0.22000 23/2/2026 3:58:03 am omnissans.local\philtest1 ANZ                NotAvailable      Enabled        Run .NET…
056a8277-0729-4975-a1df-fe1cf363c437 DESKTOP-O2445N2 VMware-56 4d ec f1 ba 9d df f1-fc 4e 11 44 05 b7 51 1c 10.0.22000 23/2/2026 3:58:03 am omnissans.local\philtest1 ANZ                NotAvailable      Enabled        Restrict…
056a8277-0729-4975-a1df-fe1cf363c437 DESKTOP-O2445N2 VMware-56 4d ec f1 ba 9d df f1-fc 4e 11 44 05 b7 51 1c 10.0.22000 23/2/2026 3:58:03 am omnissans.local\philtest1 ANZ                NotAvailable      Enabled        Restore …
056a8277-0729-4975-a1df-fe1cf363c437 DESKTOP-O2445N2 VMware-56 4d ec f1 ba 9d df f1-fc 4e 11 44 05 b7 51 1c 10.0.22000 23/2/2026 3:58:03 am omnissans.local\philtest1 ANZ                NotAvailable      Enabled        Reset ac…
056a8277-0729-4975-a1df-fe1cf363c437 DESKTOP-O2445N2 VMware-56 4d ec f1 ba 9d df f1-fc 4e 11 44 05 b7 51 1c 10.0.22000 23/2/2026 3:58:03 am omnissans.local\philtest1 ANZ                NotAvailable      Enabled        Require …
056a8277-0729-4975-a1df-fe1cf363c437 DESKTOP-O2445N2 VMware-56 4d ec f1 ba 9d df f1-fc 4e 11 44 05 b7 51 1c 10.0.22000 23/2/2026 3:58:03 am omnissans.local\philtest1 ANZ                NotAvailable      Disabled       Require …
056a8277-0729-4975-a1df-fe1cf363c437 DESKTOP-O2445N2 VMware-56 4d ec f1 ba 9d df f1-fc 4e 11 44 05 b7 51 1c 10.0.22000 23/2/2026 3:58:03 am omnissans.local\philtest1 ANZ                NotAvailable      Enabled        Require …
056a8277-0729-4975-a1df-fe1cf363c437 DESKTOP-O2445N2 VMware-56 4d ec f1 ba 9d df f1-fc 4e 11 44 05 b7 51 1c 10.0.22000 23/2/2026 3:58:03 am omnissans.local\philtest1 ANZ                NotAvailable      Enabled        Require …
056a8277-0729-4975-a1df-fe1cf363c437 DESKTOP-O2445N2 VMware-56 4d ec f1 ba 9d df f1-fc 4e 11 44 05 b7 51 1c 10.0.22000 23/2/2026 3:58:03 am omnissans.local\philtest1 ANZ                NotAvailable      Enabled        Remove "…
056a8277-0729-4975-a1df-fe1cf363c437 DESKTOP-O2445N2 VMware-56 4d ec f1 ba 9d df f1-fc 4e 11 44 05 b7 51 1c 10.0.22000 23/2/2026 3:58:03 am omnissans.local\philtest1 ANZ                NotAvailable      Enabled        Remote h…
056a8277-0729-4975-a1df-fe1cf363c437 DESKTOP-O2445N2 VMware-56 4d ec f1 ba 9d df f1-fc 4e 11 44 05 b7 51 1c 10.0.22000 23/2/2026 3:58:03 am omnissans.local\philtest1 ANZ                NotAvailable      Enabled        Prohibit…
056a8277-0729-4975-a1df-fe1cf363c437 DESKTOP-O2445N2 VMware-56 4d ec f1 ba 9d df f1-fc 4e 11 44 05 b7 51 1c 10.0.22000 23/2/2026 3:58:03 am omnissans.local\philtest1 ANZ                NotAvailable      Enabled        Scriptin…
056a8277-0729-4975-a1df-fe1cf363c437 DESKTOP-O2445N2 VMware-56 4d ec f1 ba 9d df f1-fc 4e 11 44 05 b7 51 1c 10.0.22000 23/2/2026 3:58:03 am omnissans.local\philtest1 ANZ                NotAvailable      Enabled        Encrypti…
056a8277-0729-4975-a1df-fe1cf363c437 DESKTOP-O2445N2 VMware-56 4d ec f1 ba 9d df f1-fc 4e 11 44 05 b7 51 1c 10.0.22000 23/2/2026 3:58:03 am omnissans.local\philtest1 ANZ                NotAvailable      Enabled        Security…
056a8277-0729-4975-a1df-fe1cf363c437 DESKTOP-O2445N2 VMware-56 4d ec f1 ba 9d df f1-fc 4e 11 44 05 b7 51 1c 10.0.22000 23/2/2026 3:58:03 am omnissans.local\philtest1 ANZ                NotAvailable      Enabled        Security…
056a8277-0729-4975-a1df-fe1cf363c437 DESKTOP-O2445N2 VMware-56 4d ec f1 ba 9d df f1-fc 4e 11 44 05 b7 51 1c 10.0.22000 23/2/2026 3:58:03 am omnissans.local\philtest1 ANZ                NotAvailable      Enabled        Turn off…
056a8277-0729-4975-a1df-fe1cf363c437 DESKTOP-O2445N2 VMware-56 4d ec f1 ba 9d df f1-fc 4e 11 44 05 b7 51 1c 10.0.22000 23/2/2026 3:58:03 am omnissans.local\philtest1 ANZ                NotAvailable      Disabled       Turn off…
056a8277-0729-4975-a1df-fe1cf363c437 DESKTOP-O2445N2 VMware-56 4d ec f1 ba 9d df f1-fc 4e 11 44 05 b7 51 1c 10.0.22000 23/2/2026 3:58:03 am omnissans.local\philtest1 ANZ                NotAvailable      Enabled        Turn off…
056a8277-0729-4975-a1df-fe1cf363c437 DESKTOP-O2445N2 VMware-56 4d ec f1 ba 9d df f1-fc 4e 11 44 05 b7 51 1c 10.0.22000 23/2/2026 3:58:03 am omnissans.local\philtest1 ANZ                NotAvailable      Enabled        Take own…
056a8277-0729-4975-a1df-fe1cf363c437 DESKTOP-O2445N2 VMware-56 4d ec f1 ba 9d df f1-fc 4e 11 44 05 b7 51 1c 10.0.22000 23/2/2026 3:58:03 am omnissans.local\philtest1 ANZ                NotAvailable      Enabled        System o…
056a8277-0729-4975-a1df-fe1cf363c437 DESKTOP-O2445N2 VMware-56 4d ec f1 ba 9d df f1-fc 4e 11 44 05 b7 51 1c 10.0.22000 23/2/2026 3:58:03 am omnissans.local\philtest1 ANZ                NotAvailable      Disabled       Store pa…
056a8277-0729-4975-a1df-fe1cf363c437 DESKTOP-O2445N2 VMware-56 4d ec f1 ba 9d df f1-fc 4e 11 44 05 b7 51 1c 10.0.22000 23/2/2026 3:58:03 am omnissans.local\philtest1 ANZ                NotAvailable      Enabled        Specify …
056a8277-0729-4975-a1df-fe1cf363c437 DESKTOP-O2445N2 VMware-56 4d ec f1 ba 9d df f1-fc 4e 11 44 05 b7 51 1c 10.0.22000 23/2/2026 3:58:03 am omnissans.local\philtest1 ANZ                NotAvailable      Enabled        Specify …
056a8277-0729-4975-a1df-fe1cf363c437 DESKTOP-O2445N2 VMware-56 4d ec f1 ba 9d df f1-fc 4e 11 44 05 b7 51 1c 10.0.22000 23/2/2026 3:58:03 am omnissans.local\philtest1 ANZ                NotAvailable      Enabled        Specify …
056a8277-0729-4975-a1df-fe1cf363c437 DESKTOP-O2445N2 VMware-56 4d ec f1 ba 9d df f1-fc 4e 11 44 05 b7 51 1c 10.0.22000 23/2/2026 3:58:03 am omnissans.local\philtest1 ANZ                NotAvailable      Enabled        Specify …
056a8277-0729-4975-a1df-fe1cf363c437 DESKTOP-O2445N2 VMware-56 4d ec f1 ba 9d df f1-fc 4e 11 44 05 b7 51 1c 10.0.22000 23/2/2026 3:58:03 am omnissans.local\philtest1 ANZ                NotAvailable      Disabled       Sign-in …
056a8277-0729-4975-a1df-fe1cf363c437 DESKTOP-O2445N2 VMware-56 4d ec f1 ba 9d df f1-fc 4e 11 44 05 b7 51 1c 10.0.22000 23/2/2026 3:58:03 am omnissans.local\philtest1 ANZ                NotAvailable      Enabled        Show sec…
056a8277-0729-4975-a1df-fe1cf363c437 DESKTOP-O2445N2 VMware-56 4d ec f1 ba 9d df f1-fc 4e 11 44 05 b7 51 1c 10.0.22000 23/2/2026 3:58:03 am omnissans.local\philtest1 ANZ                NotAvailable      Enabled        Show sec…
056a8277-0729-4975-a1df-fe1cf363c437 DESKTOP-O2445N2 VMware-56 4d ec f1 ba 9d df f1-fc 4e 11 44 05 b7 51 1c 10.0.22000 23/2/2026 3:58:03 am omnissans.local\philtest1 ANZ                NotAvailable      Enabled        Set the …
056a8277-0729-4975-a1df-fe1cf363c437 DESKTOP-O2445N2 VMware-56 4d ec f1 ba 9d df f1-fc 4e 11 44 05 b7 51 1c 10.0.22000 23/2/2026 3:58:03 am omnissans.local\philtest1 ANZ                NotAvailable      Enabled        Set clie…
056a8277-0729-4975-a1df-fe1cf363c437 DESKTOP-O2445N2 VMware-56 4d ec f1 ba 9d df f1-fc 4e 11 44 05 b7 51 1c 10.0.22000 23/2/2026 3:58:03 am omnissans.local\philtest1 ANZ                NotAvailable      Enabled        Set auth…
056a8277-0729-4975-a1df-fe1cf363c437 DESKTOP-O2445N2 VMware-56 4d ec f1 ba 9d df f1-fc 4e 11 44 05 b7 51 1c 10.0.22000 23/2/2026 3:58:03 am omnissans.local\philtest1 ANZ                NotAvailable      Enabled        Service …
056a8277-0729-4975-a1df-fe1cf363c437 DESKTOP-O2445N2 VMware-56 4d ec f1 ba 9d df f1-fc 4e 11 44 05 b7 51 1c 10.0.22000 23/2/2026 3:58:03 am omnissans.local\philtest1 ANZ                NotAvailable      Enabled        Send fil…
056a8277-0729-4975-a1df-fe1cf363c437 DESKTOP-O2445N2 VMware-56 4d ec f1 ba 9d df f1-fc 4e 11 44 05 b7 51 1c 10.0.22000 23/2/2026 3:58:03 am omnissans.local\philtest1 ANZ                NotAvailable      Enabled        Select c…
056a8277-0729-4975-a1df-fe1cf363c437 DESKTOP-O2445N2 VMware-56 4d ec f1 ba 9d df f1-fc 4e 11 44 05 b7 51 1c 10.0.22000 23/2/2026 3:58:03 am omnissans.local\philtest1 ANZ                NotAvailable      Enabled        Security…
056a8277-0729-4975-a1df-fe1cf363c437 DESKTOP-O2445N2 VMware-56 4d ec f1 ba 9d df f1-fc 4e 11 44 05 b7 51 1c 10.0.22000 23/2/2026 3:58:03 am omnissans.local\philtest1 ANZ                NotAvailable      Enabled        Xbox Liv…
056a8277-0729-4975-a1df-fe1cf363c437 DESKTOP-O2445N2 VMware-56 4d ec f1 ba 9d df f1-fc 4e 11 44 05 b7 51 1c 10.0.22000 23/2/2026 3:58:03 am omnissans.local\philtest1 ANZ                NotAvailable      Disabled       Enables …
056a8277-0729-4975-a1df-fe1cf363c437 DESKTOP-O2445N2 VMware-56 4d ec f1 ba 9d df f1-fc 4e 11 44 05 b7 51 1c 10.0.22000 23/2/2026 3:58:03 am omnissans.local\philtest1 ANZ                NotAvailable      Disabled       Enable r…
056a8277-0729-4975-a1df-fe1cf363c437 DESKTOP-O2445N2 VMware-56 4d ec f1 ba 9d df f1-fc 4e 11 44 05 b7 51 1c 10.0.22000 23/2/2026 3:58:03 am omnissans.local\philtest1 ANZ                NotAvailable      Enabled        Allow VB…
056a8277-0729-4975-a1df-fe1cf363c437 DESKTOP-O2445N2 VMware-56 4d ec f1 ba 9d df f1-fc 4e 11 44 05 b7 51 1c 10.0.22000 23/2/2026 3:58:03 am omnissans.local\philtest1 ANZ                NotAvailable      Disabled       Allow us…
056a8277-0729-4975-a1df-fe1cf363c437 DESKTOP-O2445N2 VMware-56 4d ec f1 ba 9d df f1-fc 4e 11 44 05 b7 51 1c 10.0.22000 23/2/2026 3:58:03 am omnissans.local\philtest1 ANZ                NotAvailable      Enabled        Allow up…
056a8277-0729-4975-a1df-fe1cf363c437 DESKTOP-O2445N2 VMware-56 4d ec f1 ba 9d df f1-fc 4e 11 44 05 b7 51 1c 10.0.22000 23/2/2026 3:58:03 am omnissans.local\philtest1 ANZ                NotAvailable      Enabled        Allow up…
056a8277-0729-4975-a1df-fe1cf363c437 DESKTOP-O2445N2 VMware-56 4d ec f1 ba 9d df f1-fc 4e 11 44 05 b7 51 1c 10.0.22000 23/2/2026 3:58:03 am omnissans.local\philtest1 ANZ                NotAvailable      Disabled       Allow un…
056a8277-0729-4975-a1df-fe1cf363c437 DESKTOP-O2445N2 VMware-56 4d ec f1 ba 9d df f1-fc 4e 11 44 05 b7 51 1c 10.0.22000 23/2/2026 3:58:03 am omnissans.local\philtest1 ANZ                NotAvailable      Disabled       Allow un…
056a8277-0729-4975-a1df-fe1cf363c437 DESKTOP-O2445N2 VMware-56 4d ec f1 ba 9d df f1-fc 4e 11 44 05 b7 51 1c 10.0.22000 23/2/2026 3:58:03 am omnissans.local\philtest1 ANZ                NotAvailable      Disabled       Allow st…
056a8277-0729-4975-a1df-fe1cf363c437 DESKTOP-O2445N2 VMware-56 4d ec f1 ba 9d df f1-fc 4e 11 44 05 b7 51 1c 10.0.22000 23/2/2026 3:58:03 am omnissans.local\philtest1 ANZ                NotAvailable      Disabled       Allow st…
056a8277-0729-4975-a1df-fe1cf363c437 DESKTOP-O2445N2 VMware-56 4d ec f1 ba 9d df f1-fc 4e 11 44 05 b7 51 1c 10.0.22000 23/2/2026 3:58:03 am omnissans.local\philtest1 ANZ                NotAvailable      Enabled        Allow VB…
056a8277-0729-4975-a1df-fe1cf363c437 DESKTOP-O2445N2 VMware-56 4d ec f1 ba 9d df f1-fc 4e 11 44 05 b7 51 1c 10.0.22000 23/2/2026 3:58:03 am omnissans.local\philtest1 ANZ                NotAvailable      Disabled       Allow so…
056a8277-0729-4975-a1df-fe1cf363c437 DESKTOP-O2445N2 VMware-56 4d ec f1 ba 9d df f1-fc 4e 11 44 05 b7 51 1c 10.0.22000 23/2/2026 3:58:03 am omnissans.local\philtest1 ANZ                NotAvailable      Enabled        Allow sc…
056a8277-0729-4975-a1df-fe1cf363c437 DESKTOP-O2445N2 VMware-56 4d ec f1 ba 9d df f1-fc 4e 11 44 05 b7 51 1c 10.0.22000 23/2/2026 3:58:03 am omnissans.local\philtest1 ANZ                NotAvailable      Enabled        Allow sc…
056a8277-0729-4975-a1df-fe1cf363c437 DESKTOP-O2445N2 VMware-56 4d ec f1 ba 9d df f1-fc 4e 11 44 05 b7 51 1c 10.0.22000 23/2/2026 3:58:03 am omnissans.local\philtest1 ANZ                NotAvailable      Enabled        Allow sc…
056a8277-0729-4975-a1df-fe1cf363c437 DESKTOP-O2445N2 VMware-56 4d ec f1 ba 9d df f1-fc 4e 11 44 05 b7 51 1c 10.0.22000 23/2/2026 3:58:03 am omnissans.local\philtest1 ANZ                NotAvailable      Enabled        Allow sc…
056a8277-0729-4975-a1df-fe1cf363c437 DESKTOP-O2445N2 VMware-56 4d ec f1 ba 9d df f1-fc 4e 11 44 05 b7 51 1c 10.0.22000 23/2/2026 3:58:03 am omnissans.local\philtest1 ANZ                NotAvailable      Enabled        Allow sc…
056a8277-0729-4975-a1df-fe1cf363c437 DESKTOP-O2445N2 VMware-56 4d ec f1 ba 9d df f1-fc 4e 11 44 05 b7 51 1c 10.0.22000 23/2/2026 3:58:03 am omnissans.local\philtest1 ANZ                NotAvailable      Enabled        Allow on…
056a8277-0729-4975-a1df-fe1cf363c437 DESKTOP-O2445N2 VMware-56 4d ec f1 ba 9d df f1-fc 4e 11 44 05 b7 51 1c 10.0.22000 23/2/2026 3:58:03 am omnissans.local\philtest1 ANZ                NotAvailable      Enabled        Allow on…
056a8277-0729-4975-a1df-fe1cf363c437 DESKTOP-O2445N2 VMware-56 4d ec f1 ba 9d df f1-fc 4e 11 44 05 b7 51 1c 10.0.22000 23/2/2026 3:58:03 am omnissans.local\philtest1 ANZ                NotAvailable      Enabled        Allow on…
056a8277-0729-4975-a1df-fe1cf363c437 DESKTOP-O2445N2 VMware-56 4d ec f1 ba 9d df f1-fc 4e 11 44 05 b7 51 1c 10.0.22000 23/2/2026 3:58:03 am omnissans.local\philtest1 ANZ                NotAvailable      Enabled        Allow sc…
056a8277-0729-4975-a1df-fe1cf363c437 DESKTOP-O2445N2 VMware-56 4d ec f1 ba 9d df f1-fc 4e 11 44 05 b7 51 1c 10.0.22000 23/2/2026 3:58:03 am omnissans.local\philtest1 ANZ                NotAvailable      Enabled        Allow Wi…
056a8277-0729-4975-a1df-fe1cf363c437 DESKTOP-O2445N2 VMware-56 4d ec f1 ba 9d df f1-fc 4e 11 44 05 b7 51 1c 10.0.22000 23/2/2026 3:58:03 am omnissans.local\philtest1 ANZ                NotAvailable      Disabled       Allow Wi…
056a8277-0729-4975-a1df-fe1cf363c437 DESKTOP-O2445N2 VMware-56 4d ec f1 ba 9d df f1-fc 4e 11 44 05 b7 51 1c 10.0.22000 23/2/2026 3:58:03 am omnissans.local\philtest1 ANZ                NotAvailable      Disabled       Always i…
056a8277-0729-4975-a1df-fe1cf363c437 DESKTOP-O2445N2 VMware-56 4d ec f1 ba 9d df f1-fc 4e 11 44 05 b7 51 1c 10.0.22000 23/2/2026 3:58:03 am omnissans.local\philtest1 ANZ                NotAvailable      Enabled        Audit Ot…
056a8277-0729-4975-a1df-fe1cf363c437 DESKTOP-O2445N2 VMware-56 4d ec f1 ba 9d df f1-fc 4e 11 44 05 b7 51 1c 10.0.22000 23/2/2026 3:58:03 am omnissans.local\philtest1 ANZ                NotAvailable      Enabled        Audit Ot…
056a8277-0729-4975-a1df-fe1cf363c437 DESKTOP-O2445N2 VMware-56 4d ec f1 ba 9d df f1-fc 4e 11 44 05 b7 51 1c 10.0.22000 23/2/2026 3:58:03 am omnissans.local\philtest1 ANZ                NotAvailable      Enabled        Audit Ot…
056a8277-0729-4975-a1df-fe1cf363c437 DESKTOP-O2445N2 VMware-56 4d ec f1 ba 9d df f1-fc 4e 11 44 05 b7 51 1c 10.0.22000 23/2/2026 3:58:03 am omnissans.local\philtest1 ANZ                NotAvailable      Enabled        Audit Ot…
056a8277-0729-4975-a1df-fe1cf363c437 DESKTOP-O2445N2 VMware-56 4d ec f1 ba 9d df f1-fc 4e 11 44 05 b7 51 1c 10.0.22000 23/2/2026 3:58:03 am omnissans.local\philtest1 ANZ                NotAvailable      Enabled        Audit MP…
056a8277-0729-4975-a1df-fe1cf363c437 DESKTOP-O2445N2 VMware-56 4d ec f1 ba 9d df f1-fc 4e 11 44 05 b7 51 1c 10.0.22000 23/2/2026 3:58:03 am omnissans.local\philtest1 ANZ                NotAvailable      Enabled        Audit Lo…
056a8277-0729-4975-a1df-fe1cf363c437 DESKTOP-O2445N2 VMware-56 4d ec f1 ba 9d df f1-fc 4e 11 44 05 b7 51 1c 10.0.22000 23/2/2026 3:58:03 am omnissans.local\philtest1 ANZ                NotAvailable      Enabled        Audit in…
056a8277-0729-4975-a1df-fe1cf363c437 DESKTOP-O2445N2 VMware-56 4d ec f1 ba 9d df f1-fc 4e 11 44 05 b7 51 1c 10.0.22000 23/2/2026 3:58:03 am omnissans.local\philtest1 ANZ                NotAvailable      Enabled        Audit in…
056a8277-0729-4975-a1df-fe1cf363c437 DESKTOP-O2445N2 VMware-56 4d ec f1 ba 9d df f1-fc 4e 11 44 05 b7 51 1c 10.0.22000 23/2/2026 3:58:03 am omnissans.local\philtest1 ANZ                NotAvailable      Enabled        Audit Gr…
056a8277-0729-4975-a1df-fe1cf363c437 DESKTOP-O2445N2 VMware-56 4d ec f1 ba 9d df f1-fc 4e 11 44 05 b7 51 1c 10.0.22000 23/2/2026 3:58:03 am omnissans.local\philtest1 ANZ                NotAvailable      Enabled        Audit Fi…
056a8277-0729-4975-a1df-fe1cf363c437 DESKTOP-O2445N2 VMware-56 4d ec f1 ba 9d df f1-fc 4e 11 44 05 b7 51 1c 10.0.22000 23/2/2026 3:58:03 am omnissans.local\philtest1 ANZ                NotAvailable      Enabled        Audit De…
056a8277-0729-4975-a1df-fe1cf363c437 DESKTOP-O2445N2 VMware-56 4d ec f1 ba 9d df f1-fc 4e 11 44 05 b7 51 1c 10.0.22000 23/2/2026 3:58:03 am omnissans.local\philtest1 ANZ                NotAvailable      Enabled        Audit Cr…
056a8277-0729-4975-a1df-fe1cf363c437 DESKTOP-O2445N2 VMware-56 4d ec f1 ba 9d df f1-fc 4e 11 44 05 b7 51 1c 10.0.22000 23/2/2026 3:58:03 am omnissans.local\philtest1 ANZ                NotAvailable      Enabled        Audit cl…
056a8277-0729-4975-a1df-fe1cf363c437 DESKTOP-O2445N2 VMware-56 4d ec f1 ba 9d df f1-fc 4e 11 44 05 b7 51 1c 10.0.22000 23/2/2026 3:58:03 am omnissans.local\philtest1 ANZ                NotAvailable      Enabled        Audit cl…
056a8277-0729-4975-a1df-fe1cf363c437 DESKTOP-O2445N2 VMware-56 4d ec f1 ba 9d df f1-fc 4e 11 44 05 b7 51 1c 10.0.22000 23/2/2026 3:58:03 am omnissans.local\philtest1 ANZ                NotAvailable      Enabled        Audit Au…
056a8277-0729-4975-a1df-fe1cf363c437 DESKTOP-O2445N2 VMware-56 4d ec f1 ba 9d df f1-fc 4e 11 44 05 b7 51 1c 10.0.22000 23/2/2026 3:58:03 am omnissans.local\philtest1 ANZ                NotAvailable      Enabled        Audit Au…
056a8277-0729-4975-a1df-fe1cf363c437 DESKTOP-O2445N2 VMware-56 4d ec f1 ba 9d df f1-fc 4e 11 44 05 b7 51 1c 10.0.22000 23/2/2026 3:58:03 am omnissans.local\philtest1 ANZ                NotAvailable      Enabled        Audit Ac…
056a8277-0729-4975-a1df-fe1cf363c437 DESKTOP-O2445N2 VMware-56 4d ec f1 ba 9d df f1-fc 4e 11 44 05 b7 51 1c 10.0.22000 23/2/2026 3:58:03 am omnissans.local\philtest1 ANZ                NotAvailable      NotConfigured  Apply UA…
056a8277-0729-4975-a1df-fe1cf363c437 DESKTOP-O2445N2 VMware-56 4d ec f1 ba 9d df f1-fc 4e 11 44 05 b7 51 1c 10.0.22000 23/2/2026 3:58:03 am omnissans.local\philtest1 ANZ                NotAvailable      Enabled        Always p…
056a8277-0729-4975-a1df-fe1cf363c437 DESKTOP-O2445N2 VMware-56 4d ec f1 ba 9d df f1-fc 4e 11 44 05 b7 51 1c 10.0.22000 23/2/2026 3:58:03 am omnissans.local\philtest1 ANZ                NotAvailable      Enabled        Allow on…
056a8277-0729-4975-a1df-fe1cf363c437 DESKTOP-O2445N2 VMware-56 4d ec f1 ba 9d df f1-fc 4e 11 44 05 b7 51 1c 10.0.22000 23/2/2026 3:58:03 am omnissans.local\philtest1 ANZ                NotAvailable      Enabled        Audit PN…
056a8277-0729-4975-a1df-fe1cf363c437 DESKTOP-O2445N2 VMware-56 4d ec f1 ba 9d df f1-fc 4e 11 44 05 b7 51 1c 10.0.22000 23/2/2026 3:58:03 am omnissans.local\philtest1 ANZ                NotAvailable      Enabled        Allow Mi…
056a8277-0729-4975-a1df-fe1cf363c437 DESKTOP-O2445N2 VMware-56 4d ec f1 ba 9d df f1-fc 4e 11 44 05 b7 51 1c 10.0.22000 23/2/2026 3:58:03 am omnissans.local\philtest1 ANZ                NotAvailable      Enabled        Allow lo…
056a8277-0729-4975-a1df-fe1cf363c437 DESKTOP-O2445N2 VMware-56 4d ec f1 ba 9d df f1-fc 4e 11 44 05 b7 51 1c 10.0.22000 23/2/2026 3:58:03 am omnissans.local\philtest1 ANZ                NotAvailable      Enabled        Access C…
11f3c97e-8f65-4d0e-8d07-377c442dcb67 DESKTOP-120LONF VMware-56 4d b0 2a 75 a5 43 5f-1a 6f c8 2b 91 fa cc cc 10.0.22000 23/9/2026 6:51:56 am omnissans.local\philtest1 LighthouseAPJ      NonCompliant      Enabled        User Acc…
11f3c97e-8f65-4d0e-8d07-377c442dcb67 DESKTOP-120LONF VMware-56 4d b0 2a 75 a5 43 5f-1a 6f c8 2b 91 fa cc cc 10.0.22000 23/9/2026 6:51:56 am omnissans.local\philtest1 LighthouseAPJ      NonCompliant      Enabled        User Acc…
11f3c97e-8f65-4d0e-8d07-377c442dcb67 DESKTOP-120LONF VMware-56 4d b0 2a 75 a5 43 5f-1a 6f c8 2b 91 fa cc cc 10.0.22000 23/9/2026 6:51:56 am omnissans.local\philtest1 LighthouseAPJ      NonCompliant      Enabled        Reset ac…
11f3c97e-8f65-4d0e-8d07-377c442dcb67 DESKTOP-120LONF VMware-56 4d b0 2a 75 a5 43 5f-1a 6f c8 2b 91 fa cc cc 10.0.22000 23/9/2026 6:51:56 am omnissans.local\philtest1 LighthouseAPJ      NonCompliant      Enabled        Allow Ad…
11f3c97e-8f65-4d0e-8d07-377c442dcb67 DESKTOP-120LONF VMware-56 4d b0 2a 75 a5 43 5f-1a 6f c8 2b 91 fa cc cc 10.0.22000 23/9/2026 6:51:56 am omnissans.local\philtest1 LighthouseAPJ      NonCompliant      Enabled        Account …
11f3c97e-8f65-4d0e-8d07-377c442dcb67 DESKTOP-120LONF VMware-56 4d b0 2a 75 a5 43 5f-1a 6f c8 2b 91 fa cc cc 10.0.22000 23/9/2026 6:51:56 am omnissans.local\philtest1 LighthouseAPJ      NonCompliant      Enabled        Account …
ec9a4aff-c76f-4843-9315-912a81f1892a DESKTOP-120LONF VMware-56 4d b0 2a 75 a5 43 5f-1a 6f c8 2b 91 fa cc cc 10.0.22000 30/3/2026 2:06:48 am omnissans.local\philtest1 LighthouseAPJ      NonCompliant      Enabled        User Acc…
056a8277-0729-4975-a1df-fe1cf363c437 DESKTOP-O2445N2 VMware-56 4d ec f1 ba 9d df f1-fc 4e 11 44 05 b7 51 1c 10.0.22000 23/2/2026 3:58:03 am omnissans.local\philtest1 ANZ                NotAvailable      Enabled        Access d…
ec9a4aff-c76f-4843-9315-912a81f1892a DESKTOP-120LONF VMware-56 4d b0 2a 75 a5 43 5f-1a 6f c8 2b 91 fa cc cc 10.0.22000 30/3/2026 2:06:48 am omnissans.local\philtest1 LighthouseAPJ      NonCompliant      Enabled        User Acc…
ec9a4aff-c76f-4843-9315-912a81f1892a DESKTOP-120LONF VMware-56 4d b0 2a 75 a5 43 5f-1a 6f c8 2b 91 fa cc cc 10.0.22000 30/3/2026 2:06:48 am omnissans.local\philtest1 LighthouseAPJ      NonCompliant      Enabled        Allow Ad…
ec9a4aff-c76f-4843-9315-912a81f1892a DESKTOP-120LONF VMware-56 4d b0 2a 75 a5 43 5f-1a 6f c8 2b 91 fa cc cc 10.0.22000 30/3/2026 2:06:48 am omnissans.local\philtest1 LighthouseAPJ      NonCompliant      Enabled        Account …
ec9a4aff-c76f-4843-9315-912a81f1892a DESKTOP-120LONF VMware-56 4d b0 2a 75 a5 43 5f-1a 6f c8 2b 91 fa cc cc 10.0.22000 30/3/2026 2:06:48 am omnissans.local\philtest1 LighthouseAPJ      NonCompliant      Enabled        Account …
c6ea923b-57bf-4159-9ba4-2aaeb344b2bd DESKTOP-120LONF VMware-56 4d b0 2a 75 a5 43 5f-1a 6f c8 2b 91 fa cc cc 10.0.22000 23/3/2026 5:49:43 am omnissans.local\philtest1 NCEE               NonCompliant      Enabled        User Acc…
c6ea923b-57bf-4159-9ba4-2aaeb344b2bd DESKTOP-120LONF VMware-56 4d b0 2a 75 a5 43 5f-1a 6f c8 2b 91 fa cc cc 10.0.22000 23/3/2026 5:49:43 am omnissans.local\philtest1 NCEE               NonCompliant      Enabled        User Acc…
c6ea923b-57bf-4159-9ba4-2aaeb344b2bd DESKTOP-120LONF VMware-56 4d b0 2a 75 a5 43 5f-1a 6f c8 2b 91 fa cc cc 10.0.22000 23/3/2026 5:49:43 am omnissans.local\philtest1 NCEE               NonCompliant      Enabled        Reset ac…
c6ea923b-57bf-4159-9ba4-2aaeb344b2bd DESKTOP-120LONF VMware-56 4d b0 2a 75 a5 43 5f-1a 6f c8 2b 91 fa cc cc 10.0.22000 23/3/2026 5:49:43 am omnissans.local\philtest1 NCEE               NonCompliant      Enabled        Allow Ad…
c6ea923b-57bf-4159-9ba4-2aaeb344b2bd DESKTOP-120LONF VMware-56 4d b0 2a 75 a5 43 5f-1a 6f c8 2b 91 fa cc cc 10.0.22000 23/3/2026 5:49:43 am omnissans.local\philtest1 NCEE               NonCompliant      Enabled        Account …
ec9a4aff-c76f-4843-9315-912a81f1892a DESKTOP-120LONF VMware-56 4d b0 2a 75 a5 43 5f-1a 6f c8 2b 91 fa cc cc 10.0.22000 30/3/2026 2:06:48 am omnissans.local\philtest1 LighthouseAPJ      NonCompliant      Enabled        Reset ac…
056a8277-0729-4975-a1df-fe1cf363c437 DESKTOP-O2445N2 VMware-56 4d ec f1 ba 9d df f1-fc 4e 11 44 05 b7 51 1c 10.0.22000 23/2/2026 3:58:03 am omnissans.local\philtest1 ANZ                NotAvailable      Enabled        Access d…
056a8277-0729-4975-a1df-fe1cf363c437 DESKTOP-O2445N2 VMware-56 4d ec f1 ba 9d df f1-fc 4e 11 44 05 b7 51 1c 10.0.22000 23/2/2026 3:58:03 am omnissans.local\philtest1 ANZ                NotAvailable      Enabled        Access t…
056a8277-0729-4975-a1df-fe1cf363c437 DESKTOP-O2445N2 VMware-56 4d ec f1 ba 9d df f1-fc 4e 11 44 05 b7 51 1c 10.0.22000 23/2/2026 3:58:03 am omnissans.local\philtest1 ANZ                NotAvailable      Enabled        Account …
056a8277-0729-4975-a1df-fe1cf363c437 DESKTOP-O2445N2 VMware-56 4d ec f1 ba 9d df f1-fc 4e 11 44 05 b7 51 1c 10.0.22000 23/2/2026 3:58:03 am omnissans.local\philtest1 ANZ                NotAvailable      Enabled        Allow lo…
056a8277-0729-4975-a1df-fe1cf363c437 DESKTOP-O2445N2 VMware-56 4d ec f1 ba 9d df f1-fc 4e 11 44 05 b7 51 1c 10.0.22000 23/2/2026 3:58:03 am omnissans.local\philtest1 ANZ                NotAvailable      Enabled        Allow lo…
056a8277-0729-4975-a1df-fe1cf363c437 DESKTOP-O2445N2 VMware-56 4d ec f1 ba 9d df f1-fc 4e 11 44 05 b7 51 1c 10.0.22000 23/2/2026 3:58:03 am omnissans.local\philtest1 ANZ                NotAvailable      Disabled       Allow in…
056a8277-0729-4975-a1df-fe1cf363c437 DESKTOP-O2445N2 VMware-56 4d ec f1 ba 9d df f1-fc 4e 11 44 05 b7 51 1c 10.0.22000 23/2/2026 3:58:03 am omnissans.local\philtest1 ANZ                NotAvailable      Enabled        Allow fi…
056a8277-0729-4975-a1df-fe1cf363c437 DESKTOP-O2445N2 VMware-56 4d ec f1 ba 9d df f1-fc 4e 11 44 05 b7 51 1c 10.0.22000 23/2/2026 3:58:03 am omnissans.local\philtest1 ANZ                NotAvailable      Enabled        Allow fa…
056a8277-0729-4975-a1df-fe1cf363c437 DESKTOP-O2445N2 VMware-56 4d ec f1 ba 9d df f1-fc 4e 11 44 05 b7 51 1c 10.0.22000 23/2/2026 3:58:03 am omnissans.local\philtest1 ANZ                NotAvailable      Enabled        Allow en…
056a8277-0729-4975-a1df-fe1cf363c437 DESKTOP-O2445N2 VMware-56 4d ec f1 ba 9d df f1-fc 4e 11 44 05 b7 51 1c 10.0.22000 23/2/2026 3:58:03 am omnissans.local\philtest1 ANZ                NotAvailable      Enabled        Allow dr…
056a8277-0729-4975-a1df-fe1cf363c437 DESKTOP-O2445N2 VMware-56 4d ec f1 ba 9d df f1-fc 4e 11 44 05 b7 51 1c 10.0.22000 23/2/2026 3:58:03 am omnissans.local\philtest1 ANZ                NotAvailable      Enabled        Allow dr…
056a8277-0729-4975-a1df-fe1cf363c437 DESKTOP-O2445N2 VMware-56 4d ec f1 ba 9d df f1-fc 4e 11 44 05 b7 51 1c 10.0.22000 23/2/2026 3:58:03 am omnissans.local\philtest1 ANZ                NotAvailable      Enabled        Allow cu…
056a8277-0729-4975-a1df-fe1cf363c437 DESKTOP-O2445N2 VMware-56 4d ec f1 ba 9d df f1-fc 4e 11 44 05 b7 51 1c 10.0.22000 23/2/2026 3:58:03 am omnissans.local\philtest1 ANZ                NotAvailable      Enabled        Allow cu…
056a8277-0729-4975-a1df-fe1cf363c437 DESKTOP-O2445N2 VMware-56 4d ec f1 ba 9d df f1-fc 4e 11 44 05 b7 51 1c 10.0.22000 23/2/2026 3:58:03 am omnissans.local\philtest1 ANZ                NotAvailable      Disabled       Allow Cu…
056a8277-0729-4975-a1df-fe1cf363c437 DESKTOP-O2445N2 VMware-56 4d ec f1 ba 9d df f1-fc 4e 11 44 05 b7 51 1c 10.0.22000 23/2/2026 3:58:03 am omnissans.local\philtest1 ANZ                NotAvailable      Enabled        Allow bi…
056a8277-0729-4975-a1df-fe1cf363c437 DESKTOP-O2445N2 VMware-56 4d ec f1 ba 9d df f1-fc 4e 11 44 05 b7 51 1c 10.0.22000 23/2/2026 3:58:03 am omnissans.local\philtest1 ANZ                NotAvailable      Disabled       Allow Ba…
056a8277-0729-4975-a1df-fe1cf363c437 DESKTOP-O2445N2 VMware-56 4d ec f1 ba 9d df f1-fc 4e 11 44 05 b7 51 1c 10.0.22000 23/2/2026 3:58:03 am omnissans.local\philtest1 ANZ                NotAvailable      Disabled       Allow Ba…
056a8277-0729-4975-a1df-fe1cf363c437 DESKTOP-O2445N2 VMware-56 4d ec f1 ba 9d df f1-fc 4e 11 44 05 b7 51 1c 10.0.22000 23/2/2026 3:58:03 am omnissans.local\philtest1 ANZ                NotAvailable      Enabled        Allow Ad…
056a8277-0729-4975-a1df-fe1cf363c437 DESKTOP-O2445N2 VMware-56 4d ec f1 ba 9d df f1-fc 4e 11 44 05 b7 51 1c 10.0.22000 23/2/2026 3:58:03 am omnissans.local\philtest1 ANZ                NotAvailable      Enabled        Allow ac…
056a8277-0729-4975-a1df-fe1cf363c437 DESKTOP-O2445N2 VMware-56 4d ec f1 ba 9d df f1-fc 4e 11 44 05 b7 51 1c 10.0.22000 23/2/2026 3:58:03 am omnissans.local\philtest1 ANZ                NotAvailable      Enabled        Act as p…
056a8277-0729-4975-a1df-fe1cf363c437 DESKTOP-O2445N2 VMware-56 4d ec f1 ba 9d df f1-fc 4e 11 44 05 b7 51 1c 10.0.22000 23/2/2026 3:58:03 am omnissans.local\philtest1 ANZ                NotAvailable      Enabled        Accounts…
056a8277-0729-4975-a1df-fe1cf363c437 DESKTOP-O2445N2 VMware-56 4d ec f1 ba 9d df f1-fc 4e 11 44 05 b7 51 1c 10.0.22000 23/2/2026 3:58:03 am omnissans.local\philtest1 ANZ                NotAvailable      Enabled        Account …
056a8277-0729-4975-a1df-fe1cf363c437 DESKTOP-O2445N2 VMware-56 4d ec f1 ba 9d df f1-fc 4e 11 44 05 b7 51 1c 10.0.22000 23/2/2026 3:58:03 am omnissans.local\philtest1 ANZ                NotAvailable      Enabled        Allow ME…
056a8277-0729-4975-a1df-fe1cf363c437 DESKTOP-O2445N2 VMware-56 4d ec f1 ba 9d df f1-fc 4e 11 44 05 b7 51 1c 10.0.22000 23/2/2026 3:58:03 am omnissans.local\philtest1 ANZ                NotAvailable      Enabled        Audit Pr…
056a8277-0729-4975-a1df-fe1cf363c437 DESKTOP-O2445N2 VMware-56 4d ec f1 ba 9d df f1-fc 4e 11 44 05 b7 51 1c 10.0.22000 23/2/2026 3:58:03 am omnissans.local\philtest1 ANZ                NotAvailable      Enabled        Audit Re…
056a8277-0729-4975-a1df-fe1cf363c437 DESKTOP-O2445N2 VMware-56 4d ec f1 ba 9d df f1-fc 4e 11 44 05 b7 51 1c 10.0.22000 23/2/2026 3:58:03 am omnissans.local\philtest1 ANZ                NotAvailable      Enabled        Audit Se…
056a8277-0729-4975-a1df-fe1cf363c437 DESKTOP-O2445N2 VMware-56 4d ec f1 ba 9d df f1-fc 4e 11 44 05 b7 51 1c 10.0.22000 23/2/2026 3:58:03 am omnissans.local\philtest1 ANZ                NotAvailable      Enabled        Domain m…
056a8277-0729-4975-a1df-fe1cf363c437 DESKTOP-O2445N2 VMware-56 4d ec f1 ba 9d df f1-fc 4e 11 44 05 b7 51 1c 10.0.22000 23/2/2026 3:58:03 am omnissans.local\philtest1 ANZ                NotAvailable      Enabled        Domain m…
056a8277-0729-4975-a1df-fe1cf363c437 DESKTOP-O2445N2 VMware-56 4d ec f1 ba 9d df f1-fc 4e 11 44 05 b7 51 1c 10.0.22000 23/2/2026 3:58:03 am omnissans.local\philtest1 ANZ                NotAvailable      Enabled        Do not s…
056a8277-0729-4975-a1df-fe1cf363c437 DESKTOP-O2445N2 VMware-56 4d ec f1 ba 9d df f1-fc 4e 11 44 05 b7 51 1c 10.0.22000 23/2/2026 3:58:03 am omnissans.local\philtest1 ANZ                NotAvailable      Disabled       Do not a…
056a8277-0729-4975-a1df-fe1cf363c437 DESKTOP-O2445N2 VMware-56 4d ec f1 ba 9d df f1-fc 4e 11 44 05 b7 51 1c 10.0.22000 23/2/2026 3:58:03 am omnissans.local\philtest1 ANZ                NotAvailable      Enabled        Do not a…
056a8277-0729-4975-a1df-fe1cf363c437 DESKTOP-O2445N2 VMware-56 4d ec f1 ba 9d df f1-fc 4e 11 44 05 b7 51 1c 10.0.22000 23/2/2026 3:58:03 am omnissans.local\philtest1 ANZ                NotAvailable      Enabled        Do not a…
056a8277-0729-4975-a1df-fe1cf363c437 DESKTOP-O2445N2 VMware-56 4d ec f1 ba 9d df f1-fc 4e 11 44 05 b7 51 1c 10.0.22000 23/2/2026 3:58:03 am omnissans.local\philtest1 ANZ                NotAvailable      Enabled        Do not a…
056a8277-0729-4975-a1df-fe1cf363c437 DESKTOP-O2445N2 VMware-56 4d ec f1 ba 9d df f1-fc 4e 11 44 05 b7 51 1c 10.0.22000 23/2/2026 3:58:03 am omnissans.local\philtest1 ANZ                NotAvailable      Enabled        Disallow…
056a8277-0729-4975-a1df-fe1cf363c437 DESKTOP-O2445N2 VMware-56 4d ec f1 ba 9d df f1-fc 4e 11 44 05 b7 51 1c 10.0.22000 23/2/2026 3:58:03 am omnissans.local\philtest1 ANZ                NotAvailable      Enabled        Domain m…
056a8277-0729-4975-a1df-fe1cf363c437 DESKTOP-O2445N2 VMware-56 4d ec f1 ba 9d df f1-fc 4e 11 44 05 b7 51 1c 10.0.22000 23/2/2026 3:58:03 am omnissans.local\philtest1 ANZ                NotAvailable      Enabled        Disallow…
056a8277-0729-4975-a1df-fe1cf363c437 DESKTOP-O2445N2 VMware-56 4d ec f1 ba 9d df f1-fc 4e 11 44 05 b7 51 1c 10.0.22000 23/2/2026 3:58:03 am omnissans.local\philtest1 ANZ                NotAvailable      Enabled        Disable …
056a8277-0729-4975-a1df-fe1cf363c437 DESKTOP-O2445N2 VMware-56 4d ec f1 ba 9d df f1-fc 4e 11 44 05 b7 51 1c 10.0.22000 23/2/2026 3:58:03 am omnissans.local\philtest1 ANZ                NotAvailable      Enabled        Disable …
056a8277-0729-4975-a1df-fe1cf363c437 DESKTOP-O2445N2 VMware-56 4d ec f1 ba 9d df f1-fc 4e 11 44 05 b7 51 1c 10.0.22000 23/2/2026 3:58:03 am omnissans.local\philtest1 ANZ                NotAvailable      Enabled        Deny wri…
056a8277-0729-4975-a1df-fe1cf363c437 DESKTOP-O2445N2 VMware-56 4d ec f1 ba 9d df f1-fc 4e 11 44 05 b7 51 1c 10.0.22000 23/2/2026 3:58:03 am omnissans.local\philtest1 ANZ                NotAvailable      Enabled        Deny log…
056a8277-0729-4975-a1df-fe1cf363c437 DESKTOP-O2445N2 VMware-56 4d ec f1 ba 9d df f1-fc 4e 11 44 05 b7 51 1c 10.0.22000 23/2/2026 3:58:03 am omnissans.local\philtest1 ANZ                NotAvailable      Enabled        Deny acc…
056a8277-0729-4975-a1df-fe1cf363c437 DESKTOP-O2445N2 VMware-56 4d ec f1 ba 9d df f1-fc 4e 11 44 05 b7 51 1c 10.0.22000 23/2/2026 3:58:03 am omnissans.local\philtest1 ANZ                NotAvailable      Enabled        Debug pr…
056a8277-0729-4975-a1df-fe1cf363c437 DESKTOP-O2445N2 VMware-56 4d ec f1 ba 9d df f1-fc 4e 11 44 05 b7 51 1c 10.0.22000 23/2/2026 3:58:03 am omnissans.local\philtest1 ANZ                NotAvailable      Enabled        Create p…
056a8277-0729-4975-a1df-fe1cf363c437 DESKTOP-O2445N2 VMware-56 4d ec f1 ba 9d df f1-fc 4e 11 44 05 b7 51 1c 10.0.22000 23/2/2026 3:58:03 am omnissans.local\philtest1 ANZ                NotAvailable      Enabled        Create g…
056a8277-0729-4975-a1df-fe1cf363c437 DESKTOP-O2445N2 VMware-56 4d ec f1 ba 9d df f1-fc 4e 11 44 05 b7 51 1c 10.0.22000 23/2/2026 3:58:03 am omnissans.local\philtest1 ANZ                NotAvailable      Enabled        Disallow…
056a8277-0729-4975-a1df-fe1cf363c437 DESKTOP-O2445N2 VMware-56 4d ec f1 ba 9d df f1-fc 4e 11 44 05 b7 51 1c 10.0.22000 23/2/2026 3:58:03 am omnissans.local\philtest1 ANZ                NotAvailable      Disabled       Domain m…
056a8277-0729-4975-a1df-fe1cf363c437 DESKTOP-O2445N2 VMware-56 4d ec f1 ba 9d df f1-fc 4e 11 44 05 b7 51 1c 10.0.22000 23/2/2026 3:58:03 am omnissans.local\philtest1 ANZ                NotAvailable      Enabled        Domain m…
056a8277-0729-4975-a1df-fe1cf363c437 DESKTOP-O2445N2 VMware-56 4d ec f1 ba 9d df f1-fc 4e 11 44 05 b7 51 1c 10.0.22000 23/2/2026 3:58:03 am omnissans.local\philtest1 ANZ                NotAvailable      Enabled        Don't ru…
056a8277-0729-4975-a1df-fe1cf363c437 DESKTOP-O2445N2 VMware-56 4d ec f1 ba 9d df f1-fc 4e 11 44 05 b7 51 1c 10.0.22000 23/2/2026 3:58:03 am omnissans.local\philtest1 ANZ                NotAvailable      Disabled       Enable r…
056a8277-0729-4975-a1df-fe1cf363c437 DESKTOP-O2445N2 VMware-56 4d ec f1 ba 9d df f1-fc 4e 11 44 05 b7 51 1c 10.0.22000 23/2/2026 3:58:03 am omnissans.local\philtest1 ANZ                NotAvailable      Enabled        Enable p…
056a8277-0729-4975-a1df-fe1cf363c437 DESKTOP-O2445N2 VMware-56 4d ec f1 ba 9d df f1-fc 4e 11 44 05 b7 51 1c 10.0.22000 23/2/2026 3:58:03 am omnissans.local\philtest1 ANZ                NotAvailable      Enabled        Enable p…
056a8277-0729-4975-a1df-fe1cf363c437 DESKTOP-O2445N2 VMware-56 4d ec f1 ba 9d df f1-fc 4e 11 44 05 b7 51 1c 10.0.22000 23/2/2026 3:58:03 am omnissans.local\philtest1 ANZ                NotAvailable      Disabled       Enable i…
056a8277-0729-4975-a1df-fe1cf363c437 DESKTOP-O2445N2 VMware-56 4d ec f1 ba 9d df f1-fc 4e 11 44 05 b7 51 1c 10.0.22000 23/2/2026 3:58:03 am omnissans.local\philtest1 ANZ                NotAvailable      Enabled        Enable E…
056a8277-0729-4975-a1df-fe1cf363c437 DESKTOP-O2445N2 VMware-56 4d ec f1 ba 9d df f1-fc 4e 11 44 05 b7 51 1c 10.0.22000 23/2/2026 3:58:03 am omnissans.local\philtest1 ANZ                NotAvailable      Enabled        Enable d…
056a8277-0729-4975-a1df-fe1cf363c437 DESKTOP-O2445N2 VMware-56 4d ec f1 ba 9d df f1-fc 4e 11 44 05 b7 51 1c 10.0.22000 23/2/2026 3:58:03 am omnissans.local\philtest1 ANZ                NotAvailable      Enabled        Enable d…
056a8277-0729-4975-a1df-fe1cf363c437 DESKTOP-O2445N2 VMware-56 4d ec f1 ba 9d df f1-fc 4e 11 44 05 b7 51 1c 10.0.22000 23/2/2026 3:58:03 am omnissans.local\philtest1 ANZ                NotAvailable      Enabled        Enable d…
056a8277-0729-4975-a1df-fe1cf363c437 DESKTOP-O2445N2 VMware-56 4d ec f1 ba 9d df f1-fc 4e 11 44 05 b7 51 1c 10.0.22000 23/2/2026 3:58:03 am omnissans.local\philtest1 ANZ                NotAvailable      Enabled        Enable d…
056a8277-0729-4975-a1df-fe1cf363c437 DESKTOP-O2445N2 VMware-56 4d ec f1 ba 9d df f1-fc 4e 11 44 05 b7 51 1c 10.0.22000 23/2/2026 3:58:03 am omnissans.local\philtest1 ANZ                NotAvailable      Enabled        Enable c…
056a8277-0729-4975-a1df-fe1cf363c437 DESKTOP-O2445N2 VMware-56 4d ec f1 ba 9d df f1-fc 4e 11 44 05 b7 51 1c 10.0.22000 23/2/2026 3:58:03 am omnissans.local\philtest1 ANZ                NotAvailable      Enabled        Enable a…
056a8277-0729-4975-a1df-fe1cf363c437 DESKTOP-O2445N2 VMware-56 4d ec f1 ba 9d df f1-fc 4e 11 44 05 b7 51 1c 10.0.22000 23/2/2026 3:58:03 am omnissans.local\philtest1 ANZ                NotAvailable      Enabled        Download…
056a8277-0729-4975-a1df-fe1cf363c437 DESKTOP-O2445N2 VMware-56 4d ec f1 ba 9d df f1-fc 4e 11 44 05 b7 51 1c 10.0.22000 23/2/2026 3:58:03 am omnissans.local\philtest1 ANZ                NotAvailable      Enabled        Download…
056a8277-0729-4975-a1df-fe1cf363c437 DESKTOP-O2445N2 VMware-56 4d ec f1 ba 9d df f1-fc 4e 11 44 05 b7 51 1c 10.0.22000 23/2/2026 3:58:03 am omnissans.local\philtest1 ANZ                NotAvailable      Enabled        Download…
056a8277-0729-4975-a1df-fe1cf363c437 DESKTOP-O2445N2 VMware-56 4d ec f1 ba 9d df f1-fc 4e 11 44 05 b7 51 1c 10.0.22000 23/2/2026 3:58:03 am omnissans.local\philtest1 ANZ                NotAvailable      Enabled        Download…
056a8277-0729-4975-a1df-fe1cf363c437 DESKTOP-O2445N2 VMware-56 4d ec f1 ba 9d df f1-fc 4e 11 44 05 b7 51 1c 10.0.22000 23/2/2026 3:58:03 am omnissans.local\philtest1 ANZ                NotAvailable      Enabled        Don't ru…
056a8277-0729-4975-a1df-fe1cf363c437 DESKTOP-O2445N2 VMware-56 4d ec f1 ba 9d df f1-fc 4e 11 44 05 b7 51 1c 10.0.22000 23/2/2026 3:58:03 am omnissans.local\philtest1 ANZ                NotAvailable      Enabled        Don't ru…
056a8277-0729-4975-a1df-fe1cf363c437 DESKTOP-O2445N2 VMware-56 4d ec f1 ba 9d df f1-fc 4e 11 44 05 b7 51 1c 10.0.22000 23/2/2026 3:58:03 am omnissans.local\philtest1 ANZ                NotAvailable      Enabled        Don't ru…
056a8277-0729-4975-a1df-fe1cf363c437 DESKTOP-O2445N2 VMware-56 4d ec f1 ba 9d df f1-fc 4e 11 44 05 b7 51 1c 10.0.22000 23/2/2026 3:58:03 am omnissans.local\philtest1 ANZ                NotAvailable      Enabled        Don't ru…
056a8277-0729-4975-a1df-fe1cf363c437 DESKTOP-O2445N2 VMware-56 4d ec f1 ba 9d df f1-fc 4e 11 44 05 b7 51 1c 10.0.22000 23/2/2026 3:58:03 am omnissans.local\philtest1 ANZ                NotAvailable      Enabled        Create a…
056a8277-0729-4975-a1df-fe1cf363c437 DESKTOP-O2445N2 VMware-56 4d ec f1 ba 9d df f1-fc 4e 11 44 05 b7 51 1c 10.0.22000 23/2/2026 3:58:03 am omnissans.local\philtest1 ANZ                NotAvailable      Enabled        Create a…
056a8277-0729-4975-a1df-fe1cf363c437 DESKTOP-O2445N2 VMware-56 4d ec f1 ba 9d df f1-fc 4e 11 44 05 b7 51 1c 10.0.22000 23/2/2026 3:58:03 am omnissans.local\philtest1 ANZ                NotAvailable      Enabled        Convert …
056a8277-0729-4975-a1df-fe1cf363c437 DESKTOP-O2445N2 VMware-56 4d ec f1 ba 9d df f1-fc 4e 11 44 05 b7 51 1c 10.0.22000 23/2/2026 3:58:03 am omnissans.local\philtest1 ANZ                NotAvailable      Enabled        Control …
056a8277-0729-4975-a1df-fe1cf363c437 DESKTOP-O2445N2 VMware-56 4d ec f1 ba 9d df f1-fc 4e 11 44 05 b7 51 1c 10.0.22000 23/2/2026 3:58:03 am omnissans.local\philtest1 ANZ                NotAvailable      Enabled        Configur…
056a8277-0729-4975-a1df-fe1cf363c437 DESKTOP-O2445N2 VMware-56 4d ec f1 ba 9d df f1-fc 4e 11 44 05 b7 51 1c 10.0.22000 23/2/2026 3:58:03 am omnissans.local\philtest1 ANZ                NotAvailable      Enabled        Configur…
056a8277-0729-4975-a1df-fe1cf363c437 DESKTOP-O2445N2 VMware-56 4d ec f1 ba 9d df f1-fc 4e 11 44 05 b7 51 1c 10.0.22000 23/2/2026 3:58:03 am omnissans.local\philtest1 ANZ                NotAvailable      Enabled        Configur…
056a8277-0729-4975-a1df-fe1cf363c437 DESKTOP-O2445N2 VMware-56 4d ec f1 ba 9d df f1-fc 4e 11 44 05 b7 51 1c 10.0.22000 23/2/2026 3:58:03 am omnissans.local\philtest1 ANZ                NotAvailable      Enabled        Configur…
056a8277-0729-4975-a1df-fe1cf363c437 DESKTOP-O2445N2 VMware-56 4d ec f1 ba 9d df f1-fc 4e 11 44 05 b7 51 1c 10.0.22000 23/2/2026 3:58:03 am omnissans.local\philtest1 ANZ                NotAvailable      Enabled        Check fo…
056a8277-0729-4975-a1df-fe1cf363c437 DESKTOP-O2445N2 VMware-56 4d ec f1 ba 9d df f1-fc 4e 11 44 05 b7 51 1c 10.0.22000 23/2/2026 3:58:03 am omnissans.local\philtest1 ANZ                NotAvailable      Enabled        Check fo…
056a8277-0729-4975-a1df-fe1cf363c437 DESKTOP-O2445N2 VMware-56 4d ec f1 ba 9d df f1-fc 4e 11 44 05 b7 51 1c 10.0.22000 23/2/2026 3:58:03 am omnissans.local\philtest1 ANZ                NotAvailable      Enabled        Boot-Sta…
056a8277-0729-4975-a1df-fe1cf363c437 DESKTOP-O2445N2 VMware-56 4d ec f1 ba 9d df f1-fc 4e 11 44 05 b7 51 1c 10.0.22000 23/2/2026 3:58:03 am omnissans.local\philtest1 ANZ                NotAvailable      Enabled        Back up …
056a8277-0729-4975-a1df-fe1cf363c437 DESKTOP-O2445N2 VMware-56 4d ec f1 ba 9d df f1-fc 4e 11 44 05 b7 51 1c 10.0.22000 23/2/2026 3:58:03 am omnissans.local\philtest1 ANZ                NotAvailable      Enabled        Automati…
056a8277-0729-4975-a1df-fe1cf363c437 DESKTOP-O2445N2 VMware-56 4d ec f1 ba 9d df f1-fc 4e 11 44 05 b7 51 1c 10.0.22000 23/2/2026 3:58:03 am omnissans.local\philtest1 ANZ                NotAvailable      Enabled        Automati…
056a8277-0729-4975-a1df-fe1cf363c437 DESKTOP-O2445N2 VMware-56 4d ec f1 ba 9d df f1-fc 4e 11 44 05 b7 51 1c 10.0.22000 23/2/2026 3:58:03 am omnissans.local\philtest1 ANZ                NotAvailable      Enabled        Audit: F…
056a8277-0729-4975-a1df-fe1cf363c437 DESKTOP-O2445N2 VMware-56 4d ec f1 ba 9d df f1-fc 4e 11 44 05 b7 51 1c 10.0.22000 23/2/2026 3:58:03 am omnissans.local\philtest1 ANZ                NotAvailable      Enabled        Audit Us…
056a8277-0729-4975-a1df-fe1cf363c437 DESKTOP-O2445N2 VMware-56 4d ec f1 ba 9d df f1-fc 4e 11 44 05 b7 51 1c 10.0.22000 23/2/2026 3:58:03 am omnissans.local\philtest1 ANZ                NotAvailable      Enabled        Audit Sy…
056a8277-0729-4975-a1df-fe1cf363c437 DESKTOP-O2445N2 VMware-56 4d ec f1 ba 9d df f1-fc 4e 11 44 05 b7 51 1c 10.0.22000 23/2/2026 3:58:03 am omnissans.local\philtest1 ANZ                NotAvailable      Enabled        Audit Sp…
056a8277-0729-4975-a1df-fe1cf363c437 DESKTOP-O2445N2 VMware-56 4d ec f1 ba 9d df f1-fc 4e 11 44 05 b7 51 1c 10.0.22000 23/2/2026 3:58:03 am omnissans.local\philtest1 ANZ                NotAvailable      Enabled        Audit se…
056a8277-0729-4975-a1df-fe1cf363c437 DESKTOP-O2445N2 VMware-56 4d ec f1 ba 9d df f1-fc 4e 11 44 05 b7 51 1c 10.0.22000 23/2/2026 3:58:03 am omnissans.local\philtest1 ANZ                NotAvailable      Enabled        Audit se…
056a8277-0729-4975-a1df-fe1cf363c437 DESKTOP-O2445N2 VMware-56 4d ec f1 ba 9d df f1-fc 4e 11 44 05 b7 51 1c 10.0.22000 23/2/2026 3:58:03 am omnissans.local\philtest1 ANZ                NotAvailable      Enabled        Audit Se…
056a8277-0729-4975-a1df-fe1cf363c437 DESKTOP-O2445N2 VMware-56 4d ec f1 ba 9d df f1-fc 4e 11 44 05 b7 51 1c 10.0.22000 23/2/2026 3:58:03 am omnissans.local\philtest1 ANZ                NotAvailable      Enabled        Audit Se…
056a8277-0729-4975-a1df-fe1cf363c437 DESKTOP-O2445N2 VMware-56 4d ec f1 ba 9d df f1-fc 4e 11 44 05 b7 51 1c 10.0.22000 23/2/2026 3:58:03 am omnissans.local\philtest1 ANZ                NotAvailable      Enabled        Audit Se…
056a8277-0729-4975-a1df-fe1cf363c437 DESKTOP-O2445N2 VMware-56 4d ec f1 ba 9d df f1-fc 4e 11 44 05 b7 51 1c 10.0.22000 23/2/2026 3:58:03 am omnissans.local\philtest1 ANZ                NotAvailable      Enabled        Configur…
056a8277-0729-4975-a1df-fe1cf363c437 DESKTOP-O2445N2 VMware-56 4d ec f1 ba 9d df f1-fc 4e 11 44 05 b7 51 1c 10.0.22000 23/2/2026 3:58:03 am omnissans.local\philtest1 ANZ                NotAvailable      Enabled        Enable S…
056a8277-0729-4975-a1df-fe1cf363c437 DESKTOP-O2445N2 VMware-56 4d ec f1 ba 9d df f1-fc 4e 11 44 05 b7 51 1c 10.0.22000 23/2/2026 3:58:03 am omnissans.local\philtest1 ANZ                NotAvailable      Enabled        Configur…
056a8277-0729-4975-a1df-fe1cf363c437 DESKTOP-O2445N2 VMware-56 4d ec f1 ba 9d df f1-fc 4e 11 44 05 b7 51 1c 10.0.22000 23/2/2026 3:58:03 am omnissans.local\philtest1 ANZ                NotAvailable      Enabled        Configur…
056a8277-0729-4975-a1df-fe1cf363c437 DESKTOP-O2445N2 VMware-56 4d ec f1 ba 9d df f1-fc 4e 11 44 05 b7 51 1c 10.0.22000 23/2/2026 3:58:03 am omnissans.local\philtest1 ANZ                NotAvailable      Enabled        Configur…
056a8277-0729-4975-a1df-fe1cf363c437 DESKTOP-O2445N2 VMware-56 4d ec f1 ba 9d df f1-fc 4e 11 44 05 b7 51 1c 10.0.22000 23/2/2026 3:58:03 am omnissans.local\philtest1 ANZ                NotAvailable      Enabled        Configur…
056a8277-0729-4975-a1df-fe1cf363c437 DESKTOP-O2445N2 VMware-56 4d ec f1 ba 9d df f1-fc 4e 11 44 05 b7 51 1c 10.0.22000 23/2/2026 3:58:03 am omnissans.local\philtest1 ANZ                NotAvailable      Enabled        Configur…
056a8277-0729-4975-a1df-fe1cf363c437 DESKTOP-O2445N2 VMware-56 4d ec f1 ba 9d df f1-fc 4e 11 44 05 b7 51 1c 10.0.22000 23/2/2026 3:58:03 am omnissans.local\philtest1 ANZ                NotAvailable      Enabled        Configur…
056a8277-0729-4975-a1df-fe1cf363c437 DESKTOP-O2445N2 VMware-56 4d ec f1 ba 9d df f1-fc 4e 11 44 05 b7 51 1c 10.0.22000 23/2/2026 3:58:03 am omnissans.local\philtest1 ANZ                NotAvailable      Disabled       Configur…
056a8277-0729-4975-a1df-fe1cf363c437 DESKTOP-O2445N2 VMware-56 4d ec f1 ba 9d df f1-fc 4e 11 44 05 b7 51 1c 10.0.22000 23/2/2026 3:58:03 am omnissans.local\philtest1 ANZ                NotAvailable      Enabled        Configur…
056a8277-0729-4975-a1df-fe1cf363c437 DESKTOP-O2445N2 VMware-56 4d ec f1 ba 9d df f1-fc 4e 11 44 05 b7 51 1c 10.0.22000 23/2/2026 3:58:03 am omnissans.local\philtest1 ANZ                NotAvailable      Enabled        Configur…
056a8277-0729-4975-a1df-fe1cf363c437 DESKTOP-O2445N2 VMware-56 4d ec f1 ba 9d df f1-fc 4e 11 44 05 b7 51 1c 10.0.22000 23/2/2026 3:58:03 am omnissans.local\philtest1 ANZ                NotAvailable      Disabled       Configur…
056a8277-0729-4975-a1df-fe1cf363c437 DESKTOP-O2445N2 VMware-56 4d ec f1 ba 9d df f1-fc 4e 11 44 05 b7 51 1c 10.0.22000 23/2/2026 3:58:03 am omnissans.local\philtest1 ANZ                NotAvailable      Disabled       Configur…
056a8277-0729-4975-a1df-fe1cf363c437 DESKTOP-O2445N2 VMware-56 4d ec f1 ba 9d df f1-fc 4e 11 44 05 b7 51 1c 10.0.22000 23/2/2026 3:58:03 am omnissans.local\philtest1 ANZ                NotAvailable      Enabled        Configur…
056a8277-0729-4975-a1df-fe1cf363c437 DESKTOP-O2445N2 VMware-56 4d ec f1 ba 9d df f1-fc 4e 11 44 05 b7 51 1c 10.0.22000 23/2/2026 3:58:03 am omnissans.local\philtest1 ANZ                NotAvailable      Enabled        Configur…
056a8277-0729-4975-a1df-fe1cf363c437 DESKTOP-O2445N2 VMware-56 4d ec f1 ba 9d df f1-fc 4e 11 44 05 b7 51 1c 10.0.22000 23/2/2026 3:58:03 am omnissans.local\philtest1 ANZ                NotAvailable      Enabled        Configur…
056a8277-0729-4975-a1df-fe1cf363c437 DESKTOP-O2445N2 VMware-56 4d ec f1 ba 9d df f1-fc 4e 11 44 05 b7 51 1c 10.0.22000 23/2/2026 3:58:03 am omnissans.local\philtest1 ANZ                NotAvailable      Enabled        Configur…
056a8277-0729-4975-a1df-fe1cf363c437 DESKTOP-O2445N2 VMware-56 4d ec f1 ba 9d df f1-fc 4e 11 44 05 b7 51 1c 10.0.22000 23/2/2026 3:58:03 am omnissans.local\philtest1 ANZ                NotAvailable      Enabled        Configur…
056a8277-0729-4975-a1df-fe1cf363c437 DESKTOP-O2445N2 VMware-56 4d ec f1 ba 9d df f1-fc 4e 11 44 05 b7 51 1c 10.0.22000 23/2/2026 3:58:03 am omnissans.local\philtest1 ANZ                NotAvailable      Enabled        Configur…
056a8277-0729-4975-a1df-fe1cf363c437 DESKTOP-O2445N2 VMware-56 4d ec f1 ba 9d df f1-fc 4e 11 44 05 b7 51 1c 10.0.22000 23/2/2026 3:58:03 am omnissans.local\philtest1 ANZ                NotAvailable      Enabled        Configur…
056a8277-0729-4975-a1df-fe1cf363c437 DESKTOP-O2445N2 VMware-56 4d ec f1 ba 9d df f1-fc 4e 11 44 05 b7 51 1c 10.0.22000 23/2/2026 3:58:03 am omnissans.local\philtest1 ANZ                NotAvailable      Enabled        Configur…
056a8277-0729-4975-a1df-fe1cf363c437 DESKTOP-O2445N2 VMware-56 4d ec f1 ba 9d df f1-fc 4e 11 44 05 b7 51 1c 10.0.22000 23/2/2026 3:58:03 am omnissans.local\philtest1 ANZ                NotAvailable      Enabled        Configur…
056a8277-0729-4975-a1df-fe1cf363c437 DESKTOP-O2445N2 VMware-56 4d ec f1 ba 9d df f1-fc 4e 11 44 05 b7 51 1c 10.0.22000 23/2/2026 3:58:03 am omnissans.local\philtest1 ANZ                NotAvailable      Enabled        Configur…
056a8277-0729-4975-a1df-fe1cf363c437 DESKTOP-O2445N2 VMware-56 4d ec f1 ba 9d df f1-fc 4e 11 44 05 b7 51 1c 10.0.22000 23/2/2026 3:58:03 am omnissans.local\philtest1 ANZ                NotAvailable      Disabled       Configur…
056a8277-0729-4975-a1df-fe1cf363c437 DESKTOP-O2445N2 VMware-56 4d ec f1 ba 9d df f1-fc 4e 11 44 05 b7 51 1c 10.0.22000 23/2/2026 3:58:03 am omnissans.local\philtest1 ANZ                NotAvailable      Enabled        Xbox Liv…


************************************************************************

	Completed report on NonCompliant,NotAvailable Devices and Settings for MS25H2 Baseline in LighthouseAPJ

************************************************************************

