************************************************************************

	WS1 Baseline Report

	Tuesday, 29 September 2026 1:52 pm

************************************************************************


Report on NonCompliant,Intermediate,NotAvailable and Settings for a selected Baseline in Lighthouse OG

Summary Information for Baseline
Baseline: MS25H2
Description: 
Template: MSFT 25H2
Current Version: 1
Parent OG: LighthouseAPJ
Assignment Count: 1

Install Summary

Status            Count Reasons
------            ----- -------
CONFIRMED_INSTALL     3 
PENDING_REBOOT        2 


Version Summary
Note: Version Summary Count does not include NotAvailable devices

Count Versions
----- --------
    5        1


Compliance Summary

Status       Count
------       -----
NotAvailable     2
NonCompliant     0
Intermediate     3
Compliant        0
NonCompliant     0
Intermediate     0
Compliant        0


Baseline Customizations

Name                     Path                                                                                              Setting
----                     ----                                                                                              -------
Account lockout duration Computer Configuration/Windows Settings/Security Settings/Account Policies/Account Lockout Policy Enabled
Enforce password history Computer Configuration/Windows Settings/Security Settings/Account Policies/Password Policy        Enabled


No Baseline Additional Policies found
Baseline Selected is assigned to the following SmartGroups

SmartGroup
----------
NCEE-SG(LighthouseAPJ)


No Devices Excluded
Devices with compliance status of NonCompliant,Intermediate,NotAvailable in MS25H2 Baseline

Device UUID                          Device Name     userName                  Organization Group Install Status    Baseline Version Compliance Status Reported On
-----------                          -----------     --------                  ------------------ --------------    ---------------- ----------------- -----------
c6ea923b-57bf-4159-9ba4-2aaeb344b2bd DESKTOP-120LONF omnissans.local\philtest1 NCEE               CONFIRMED_INSTALL                1 Intermediate      13/3/2026 2:43:27 am
ec9a4aff-c76f-4843-9315-912a81f1892a DESKTOP-120LONF omnissans.local\philtest1 LighthouseAPJ      CONFIRMED_INSTALL                1 Intermediate      30/3/2026 1:02:29 am
11f3c97e-8f65-4d0e-8d07-377c442dcb67 DESKTOP-120LONF omnissans.local\philtest1 LighthouseAPJ      CONFIRMED_INSTALL                1 Intermediate      23/9/2026 6:28:03 am
056a8277-0729-4975-a1df-fe1cf363c437 DESKTOP-O2445N2 omnissans.local\philtest1 CIS-3M             PENDING_REBOOT                   1 NotAvailable      23/2/2026 3:30:41 am


Settings for devices with Compliance Stats of NotAvailable or NonCompliant (includes Intermediate) with MS25H2 Baseline Installed
Total number of devices with NotAvailable or NonCompliant Compliance Status = 4

Device UUID                          Device Name     User Name                 Organization Group Policy Setting Compliance Status Policy
-----------                          -----------     ---------                 ------------------ -------------- ----------------- ------                                                                         
c6ea923b-57bf-4159-9ba4-2aaeb344b2bd DESKTOP-120LONF omnissans.local\philtest1 NCEE               Enabled        NonCompliant      Account lockout duration                                                       
056a8277-0729-4975-a1df-fe1cf363c437 DESKTOP-O2445N2 omnissans.local\philtest1 CIS-3M             Enabled        NotAvailable      NetBT NodeType configuration                                                   
056a8277-0729-4975-a1df-fe1cf363c437 DESKTOP-O2445N2 omnissans.local\philtest1 CIS-3M             Enabled        NotAvailable      Navigate windows and frames across different domains                           
056a8277-0729-4975-a1df-fe1cf363c437 DESKTOP-O2445N2 omnissans.local\philtest1 CIS-3M             Enabled        NotAvailable      Navigate windows and frames across different domains                           
056a8277-0729-4975-a1df-fe1cf363c437 DESKTOP-O2445N2 omnissans.local\philtest1 CIS-3M             Enabled        NotAvailable      MSS: (NoNameReleaseOnDemand) Allow the computer to ignore NetBIOS name release…
056a8277-0729-4975-a1df-fe1cf363c437 DESKTOP-O2445N2 omnissans.local\philtest1 CIS-3M             Disabled       NotAvailable      MSS: (EnableICMPRedirect) Allow ICMP redirects to override OSPF generated rout…
056a8277-0729-4975-a1df-fe1cf363c437 DESKTOP-O2445N2 omnissans.local\philtest1 CIS-3M             Enabled        NotAvailable      MSS: (DisableIPSourceRouting) IP source routing protection level               
056a8277-0729-4975-a1df-fe1cf363c437 DESKTOP-O2445N2 omnissans.local\philtest1 CIS-3M             Enabled        NotAvailable      MSS: (DisableIPSourceRouting IPv6) IP source routing protection level          
056a8277-0729-4975-a1df-fe1cf363c437 DESKTOP-O2445N2 omnissans.local\philtest1 CIS-3M             Enabled        NotAvailable      Monitor file and program activity on your computer                             
056a8277-0729-4975-a1df-fe1cf363c437 DESKTOP-O2445N2 omnissans.local\philtest1 CIS-3M             Disabled       NotAvailable      Network access: Allow anonymous SID/Name translation                           
056a8277-0729-4975-a1df-fe1cf363c437 DESKTOP-O2445N2 omnissans.local\philtest1 CIS-3M             Enabled        NotAvailable      Modify firmware environment values                                             
056a8277-0729-4975-a1df-fe1cf363c437 DESKTOP-O2445N2 omnissans.local\philtest1 CIS-3M             Enabled        NotAvailable      Microsoft network server: Digitally sign communications (always)               
056a8277-0729-4975-a1df-fe1cf363c437 DESKTOP-O2445N2 omnissans.local\philtest1 CIS-3M             Disabled       NotAvailable      Microsoft network client: Send unencrypted password to third-party SMB servers 
056a8277-0729-4975-a1df-fe1cf363c437 DESKTOP-O2445N2 omnissans.local\philtest1 CIS-3M             Enabled        NotAvailable      Microsoft network client: Digitally sign communications (always)               
056a8277-0729-4975-a1df-fe1cf363c437 DESKTOP-O2445N2 omnissans.local\philtest1 CIS-3M             Enabled        NotAvailable      Mandate the minimum version of SMB                                             
056a8277-0729-4975-a1df-fe1cf363c437 DESKTOP-O2445N2 omnissans.local\philtest1 CIS-3M             Enabled        NotAvailable      Mandate the minimum version of SMB                                             
056a8277-0729-4975-a1df-fe1cf363c437 DESKTOP-O2445N2 omnissans.local\philtest1 CIS-3M             Enabled        NotAvailable      Mandate the maximum version of SMB                                             
056a8277-0729-4975-a1df-fe1cf363c437 DESKTOP-O2445N2 omnissans.local\philtest1 CIS-3M             Enabled        NotAvailable      Mandate the maximum version of SMB                                             
056a8277-0729-4975-a1df-fe1cf363c437 DESKTOP-O2445N2 omnissans.local\philtest1 CIS-3M             Enabled        NotAvailable      Manage processing of Queue-specific files                                      
056a8277-0729-4975-a1df-fe1cf363c437 DESKTOP-O2445N2 omnissans.local\philtest1 CIS-3M             Enabled        NotAvailable      Minimum password length                                                        
056a8277-0729-4975-a1df-fe1cf363c437 DESKTOP-O2445N2 omnissans.local\philtest1 CIS-3M             Enabled        NotAvailable      Network access: Do not allow anonymous enumeration of SAM accounts             
056a8277-0729-4975-a1df-fe1cf363c437 DESKTOP-O2445N2 omnissans.local\philtest1 CIS-3M             Enabled        NotAvailable      Network access: Do not allow anonymous enumeration of SAM accounts and shares  
056a8277-0729-4975-a1df-fe1cf363c437 DESKTOP-O2445N2 omnissans.local\philtest1 CIS-3M             Enabled        NotAvailable      Network access: Restrict anonymous access to Named Pipes and Shares            
056a8277-0729-4975-a1df-fe1cf363c437 DESKTOP-O2445N2 omnissans.local\philtest1 CIS-3M             Enabled        NotAvailable      Prevent managing SmartScreen Filter                                            
056a8277-0729-4975-a1df-fe1cf363c437 DESKTOP-O2445N2 omnissans.local\philtest1 CIS-3M             Enabled        NotAvailable      Prevent installation of devices using drivers that match these device setup cl…
056a8277-0729-4975-a1df-fe1cf363c437 DESKTOP-O2445N2 omnissans.local\philtest1 CIS-3M             Enabled        NotAvailable      Prevent ignoring certificate errors                                            
056a8277-0729-4975-a1df-fe1cf363c437 DESKTOP-O2445N2 omnissans.local\philtest1 CIS-3M             Enabled        NotAvailable      Prevent enabling lock screen slide show                                        
056a8277-0729-4975-a1df-fe1cf363c437 DESKTOP-O2445N2 omnissans.local\philtest1 CIS-3M             Enabled        NotAvailable      Prevent enabling lock screen camera                                            
056a8277-0729-4975-a1df-fe1cf363c437 DESKTOP-O2445N2 omnissans.local\philtest1 CIS-3M             Enabled        NotAvailable      Prevent downloading of enclosures                                              
056a8277-0729-4975-a1df-fe1cf363c437 DESKTOP-O2445N2 omnissans.local\philtest1 CIS-3M             Enabled        NotAvailable      Prevent bypassing SmartScreen Filter warnings about files that are not commonl…
056a8277-0729-4975-a1df-fe1cf363c437 DESKTOP-O2445N2 omnissans.local\philtest1 CIS-3M             Enabled        NotAvailable      Prevent bypassing SmartScreen Filter warnings                                  
056a8277-0729-4975-a1df-fe1cf363c437 DESKTOP-O2445N2 omnissans.local\philtest1 CIS-3M             Enabled        NotAvailable      Perform volume maintenance tasks                                               
056a8277-0729-4975-a1df-fe1cf363c437 DESKTOP-O2445N2 omnissans.local\philtest1 CIS-3M             Enabled        NotAvailable      Password must meet complexity requirements                                     
056a8277-0729-4975-a1df-fe1cf363c437 DESKTOP-O2445N2 omnissans.local\philtest1 CIS-3M             Enabled        NotAvailable      Notify Unsafe App                                                              
056a8277-0729-4975-a1df-fe1cf363c437 DESKTOP-O2445N2 omnissans.local\philtest1 CIS-3M             Enabled        NotAvailable      Notify Password Reuse                                                          
056a8277-0729-4975-a1df-fe1cf363c437 DESKTOP-O2445N2 omnissans.local\philtest1 CIS-3M             Enabled        NotAvailable      Notify Malicious                                                               
056a8277-0729-4975-a1df-fe1cf363c437 DESKTOP-O2445N2 omnissans.local\philtest1 CIS-3M             Enabled        NotAvailable      Network security: Minimum session security for NTLM SSP based (including secur…
056a8277-0729-4975-a1df-fe1cf363c437 DESKTOP-O2445N2 omnissans.local\philtest1 CIS-3M             Enabled        NotAvailable      Network security: Minimum session security for NTLM SSP based (including secur…
056a8277-0729-4975-a1df-fe1cf363c437 DESKTOP-O2445N2 omnissans.local\philtest1 CIS-3M             Enabled        NotAvailable      Network security: LDAP client signing requirements                             
056a8277-0729-4975-a1df-fe1cf363c437 DESKTOP-O2445N2 omnissans.local\philtest1 CIS-3M             Enabled        NotAvailable      Network security: LAN Manager authentication level                             
056a8277-0729-4975-a1df-fe1cf363c437 DESKTOP-O2445N2 omnissans.local\philtest1 CIS-3M             Disabled       NotAvailable      Network security: Allow LocalSystem NULL session fallback                      
056a8277-0729-4975-a1df-fe1cf363c437 DESKTOP-O2445N2 omnissans.local\philtest1 CIS-3M             Enabled        NotAvailable      Network access: Restrict clients allowed to make remote calls to SAM           
056a8277-0729-4975-a1df-fe1cf363c437 DESKTOP-O2445N2 omnissans.local\philtest1 CIS-3M             Enabled        NotAvailable      Manage auditing and security log                                               
056a8277-0729-4975-a1df-fe1cf363c437 DESKTOP-O2445N2 omnissans.local\philtest1 CIS-3M             Enabled        NotAvailable      Prevent per-user installation of ActiveX controls                              
056a8277-0729-4975-a1df-fe1cf363c437 DESKTOP-O2445N2 omnissans.local\philtest1 CIS-3M             Enabled        NotAvailable      LSA Protection                                                                 
056a8277-0729-4975-a1df-fe1cf363c437 DESKTOP-O2445N2 omnissans.local\philtest1 CIS-3M             Enabled        NotAvailable      Logon options                                                                  
056a8277-0729-4975-a1df-fe1cf363c437 DESKTOP-O2445N2 omnissans.local\philtest1 CIS-3M             Enabled        NotAvailable      Internet Explorer Processes                                                    
056a8277-0729-4975-a1df-fe1cf363c437 DESKTOP-O2445N2 omnissans.local\philtest1 CIS-3M             Enabled        NotAvailable      Internet Explorer Processes                                                    
056a8277-0729-4975-a1df-fe1cf363c437 DESKTOP-O2445N2 omnissans.local\philtest1 CIS-3M             Enabled        NotAvailable      Interactive logon: Smart card removal behavior                                 
056a8277-0729-4975-a1df-fe1cf363c437 DESKTOP-O2445N2 omnissans.local\philtest1 CIS-3M             Enabled        NotAvailable      Interactive logon: Machine inactivity limit                                    
056a8277-0729-4975-a1df-fe1cf363c437 DESKTOP-O2445N2 omnissans.local\philtest1 CIS-3M             Enabled        NotAvailable      Initialize and script ActiveX controls not marked as safe                      
056a8277-0729-4975-a1df-fe1cf363c437 DESKTOP-O2445N2 omnissans.local\philtest1 CIS-3M             Enabled        NotAvailable      Initialize and script ActiveX controls not marked as safe                      
056a8277-0729-4975-a1df-fe1cf363c437 DESKTOP-O2445N2 omnissans.local\philtest1 CIS-3M             Enabled        NotAvailable      Initialize and script ActiveX controls not marked as safe                      
056a8277-0729-4975-a1df-fe1cf363c437 DESKTOP-O2445N2 omnissans.local\philtest1 CIS-3M             Enabled        NotAvailable      Initialize and script ActiveX controls not marked as safe                      
056a8277-0729-4975-a1df-fe1cf363c437 DESKTOP-O2445N2 omnissans.local\philtest1 CIS-3M             Enabled        NotAvailable      Internet Explorer Processes                                                    
056a8277-0729-4975-a1df-fe1cf363c437 DESKTOP-O2445N2 omnissans.local\philtest1 CIS-3M             Enabled        NotAvailable      Include local path when user is uploading files to a server                    
056a8277-0729-4975-a1df-fe1cf363c437 DESKTOP-O2445N2 omnissans.local\philtest1 CIS-3M             Enabled        NotAvailable      Include command line in process creation events                                
056a8277-0729-4975-a1df-fe1cf363c437 DESKTOP-O2445N2 omnissans.local\philtest1 CIS-3M             Enabled        NotAvailable      Impersonate a client after authentication                                      
056a8277-0729-4975-a1df-fe1cf363c437 DESKTOP-O2445N2 omnissans.local\philtest1 CIS-3M             Enabled        NotAvailable      Hardened UNC Paths                                                             
056a8277-0729-4975-a1df-fe1cf363c437 DESKTOP-O2445N2 omnissans.local\philtest1 CIS-3M             Enabled        NotAvailable      Force shutdown from a remote system                                            
056a8277-0729-4975-a1df-fe1cf363c437 DESKTOP-O2445N2 omnissans.local\philtest1 CIS-3M             Enabled        NotAvailable      Enumeration policy for external devices incompatible with Kernel DMA Protection
056a8277-0729-4975-a1df-fe1cf363c437 DESKTOP-O2445N2 omnissans.local\philtest1 CIS-3M             Disabled       NotAvailable      Enumerate local users on domain-joined computers                               
056a8277-0729-4975-a1df-fe1cf363c437 DESKTOP-O2445N2 omnissans.local\philtest1 CIS-3M             Disabled       NotAvailable      Enumerate administrator accounts on elevation                                  
056a8277-0729-4975-a1df-fe1cf363c437 DESKTOP-O2445N2 omnissans.local\philtest1 CIS-3M             Enabled        NotAvailable      Enforce password history                                                       
056a8277-0729-4975-a1df-fe1cf363c437 DESKTOP-O2445N2 omnissans.local\philtest1 CIS-3M             Enabled        NotAvailable      Include local path when user is uploading files to a server                    
056a8277-0729-4975-a1df-fe1cf363c437 DESKTOP-O2445N2 omnissans.local\philtest1 CIS-3M             Enabled        NotAvailable      Internet Explorer Processes                                                    
056a8277-0729-4975-a1df-fe1cf363c437 DESKTOP-O2445N2 omnissans.local\philtest1 CIS-3M             Enabled        NotAvailable      Internet Explorer Processes                                                    
056a8277-0729-4975-a1df-fe1cf363c437 DESKTOP-O2445N2 omnissans.local\philtest1 CIS-3M             Enabled        NotAvailable      Internet Explorer Processes                                                    
056a8277-0729-4975-a1df-fe1cf363c437 DESKTOP-O2445N2 omnissans.local\philtest1 CIS-3M             Enabled        NotAvailable      Lock pages in memory                                                           
056a8277-0729-4975-a1df-fe1cf363c437 DESKTOP-O2445N2 omnissans.local\philtest1 CIS-3M             Enabled        NotAvailable      Load and unload device drivers                                                 
056a8277-0729-4975-a1df-fe1cf363c437 DESKTOP-O2445N2 omnissans.local\philtest1 CIS-3M             Enabled        NotAvailable      Limits print driver installation to Administrators                             
056a8277-0729-4975-a1df-fe1cf363c437 DESKTOP-O2445N2 omnissans.local\philtest1 CIS-3M             Enabled        NotAvailable      Let Windows apps activate with voice while the system is locked                
056a8277-0729-4975-a1df-fe1cf363c437 DESKTOP-O2445N2 omnissans.local\philtest1 CIS-3M             Enabled        NotAvailable      Launching applications and files in an IFRAME                                  
056a8277-0729-4975-a1df-fe1cf363c437 DESKTOP-O2445N2 omnissans.local\philtest1 CIS-3M             Enabled        NotAvailable      Launching applications and files in an IFRAME                                  
056a8277-0729-4975-a1df-fe1cf363c437 DESKTOP-O2445N2 omnissans.local\philtest1 CIS-3M             Enabled        NotAvailable      Join Microsoft MAPS                                                            
056a8277-0729-4975-a1df-fe1cf363c437 DESKTOP-O2445N2 omnissans.local\philtest1 CIS-3M             Enabled        NotAvailable      Java permissions                                                               
056a8277-0729-4975-a1df-fe1cf363c437 DESKTOP-O2445N2 omnissans.local\philtest1 CIS-3M             Enabled        NotAvailable      Java permissions                                                               
056a8277-0729-4975-a1df-fe1cf363c437 DESKTOP-O2445N2 omnissans.local\philtest1 CIS-3M             Enabled        NotAvailable      Java permissions                                                               
056a8277-0729-4975-a1df-fe1cf363c437 DESKTOP-O2445N2 omnissans.local\philtest1 CIS-3M             Enabled        NotAvailable      Java permissions                                                               
056a8277-0729-4975-a1df-fe1cf363c437 DESKTOP-O2445N2 omnissans.local\philtest1 CIS-3M             Enabled        NotAvailable      Java permissions                                                               
056a8277-0729-4975-a1df-fe1cf363c437 DESKTOP-O2445N2 omnissans.local\philtest1 CIS-3M             Enabled        NotAvailable      Java permissions                                                               
056a8277-0729-4975-a1df-fe1cf363c437 DESKTOP-O2445N2 omnissans.local\philtest1 CIS-3M             Enabled        NotAvailable      Java permissions                                                               
056a8277-0729-4975-a1df-fe1cf363c437 DESKTOP-O2445N2 omnissans.local\philtest1 CIS-3M             Enabled        NotAvailable      Java permissions                                                               
056a8277-0729-4975-a1df-fe1cf363c437 DESKTOP-O2445N2 omnissans.local\philtest1 CIS-3M             Enabled        NotAvailable      Java permissions                                                               
056a8277-0729-4975-a1df-fe1cf363c437 DESKTOP-O2445N2 omnissans.local\philtest1 CIS-3M             Disabled       NotAvailable      Intranet Sites: Include all network paths (UNCs)                               
056a8277-0729-4975-a1df-fe1cf363c437 DESKTOP-O2445N2 omnissans.local\philtest1 CIS-3M             Enabled        NotAvailable      Internet Explorer Processes                                                    
056a8277-0729-4975-a1df-fe1cf363c437 DESKTOP-O2445N2 omnissans.local\philtest1 CIS-3M             Enabled        NotAvailable      Internet Explorer Processes                                                    
056a8277-0729-4975-a1df-fe1cf363c437 DESKTOP-O2445N2 omnissans.local\philtest1 CIS-3M             Enabled        NotAvailable      Logon options                                                                  
056a8277-0729-4975-a1df-fe1cf363c437 DESKTOP-O2445N2 omnissans.local\philtest1 CIS-3M             Enabled        NotAvailable      Prevent users and apps from accessing dangerous websites                       
056a8277-0729-4975-a1df-fe1cf363c437 DESKTOP-O2445N2 omnissans.local\philtest1 CIS-3M             Enabled        NotAvailable      Profile single process                                                         
056a8277-0729-4975-a1df-fe1cf363c437 DESKTOP-O2445N2 omnissans.local\philtest1 CIS-3M             Enabled        NotAvailable      Prohibit connection to non-domain networks when connected to domain authentica…
056a8277-0729-4975-a1df-fe1cf363c437 DESKTOP-O2445N2 omnissans.local\philtest1 CIS-3M             Enabled        NotAvailable      Turn on SmartScreen Filter scan                                                
056a8277-0729-4975-a1df-fe1cf363c437 DESKTOP-O2445N2 omnissans.local\philtest1 CIS-3M             Enabled        NotAvailable      Turn on script scanning                                                        
056a8277-0729-4975-a1df-fe1cf363c437 DESKTOP-O2445N2 omnissans.local\philtest1 CIS-3M             Enabled        NotAvailable      Turn on Protected Mode                                                         
056a8277-0729-4975-a1df-fe1cf363c437 DESKTOP-O2445N2 omnissans.local\philtest1 CIS-3M             Enabled        NotAvailable      Turn on Protected Mode                                                         
056a8277-0729-4975-a1df-fe1cf363c437 DESKTOP-O2445N2 omnissans.local\philtest1 CIS-3M             Enabled        NotAvailable      Turn on process scanning whenever real-time protection is enabled              
056a8277-0729-4975-a1df-fe1cf363c437 DESKTOP-O2445N2 omnissans.local\philtest1 CIS-3M             Enabled        NotAvailable      Turn on PowerShell Script Block Logging                                        
056a8277-0729-4975-a1df-fe1cf363c437 DESKTOP-O2445N2 omnissans.local\philtest1 CIS-3M             Enabled        NotAvailable      Turn on Enhanced Protected Mode                                                
056a8277-0729-4975-a1df-fe1cf363c437 DESKTOP-O2445N2 omnissans.local\philtest1 CIS-3M             Enabled        NotAvailable      Turn on Cross-Site Scripting Filter                                            
056a8277-0729-4975-a1df-fe1cf363c437 DESKTOP-O2445N2 omnissans.local\philtest1 CIS-3M             Enabled        NotAvailable      Turn on SmartScreen Filter scan                                                
056a8277-0729-4975-a1df-fe1cf363c437 DESKTOP-O2445N2 omnissans.local\philtest1 CIS-3M             Enabled        NotAvailable      Turn on Cross-Site Scripting Filter                                            
056a8277-0729-4975-a1df-fe1cf363c437 DESKTOP-O2445N2 omnissans.local\philtest1 CIS-3M             Enabled        NotAvailable      Turn on certificate address mismatch warning                                   
056a8277-0729-4975-a1df-fe1cf363c437 DESKTOP-O2445N2 omnissans.local\philtest1 CIS-3M             Enabled        NotAvailable      Turn on behavior monitoring                                                    
056a8277-0729-4975-a1df-fe1cf363c437 DESKTOP-O2445N2 omnissans.local\philtest1 CIS-3M             Enabled        NotAvailable      Turn on 64-bit tab processes when running in Enhanced Protected Mode on 64-bit…
056a8277-0729-4975-a1df-fe1cf363c437 DESKTOP-O2445N2 omnissans.local\philtest1 CIS-3M             Enabled        NotAvailable      Turn off toast notifications on the lock screen                                
056a8277-0729-4975-a1df-fe1cf363c437 DESKTOP-O2445N2 omnissans.local\philtest1 CIS-3M             Disabled       NotAvailable      Turn off the Security Settings Check feature                                   
056a8277-0729-4975-a1df-fe1cf363c437 DESKTOP-O2445N2 omnissans.local\philtest1 CIS-3M             Disabled       NotAvailable      Turn off routine remediation                                                   
056a8277-0729-4975-a1df-fe1cf363c437 DESKTOP-O2445N2 omnissans.local\philtest1 CIS-3M             Disabled       NotAvailable      Turn off real-time protection                                                  
056a8277-0729-4975-a1df-fe1cf363c437 DESKTOP-O2445N2 omnissans.local\philtest1 CIS-3M             Enabled        NotAvailable      Turn off multicast name resolution                                             
056a8277-0729-4975-a1df-fe1cf363c437 DESKTOP-O2445N2 omnissans.local\philtest1 CIS-3M             Disabled       NotAvailable      Turn on convenience PIN sign-in                                                
056a8277-0729-4975-a1df-fe1cf363c437 DESKTOP-O2445N2 omnissans.local\philtest1 CIS-3M             Enabled        NotAvailable      Turn on SmartScreen Filter scan                                                
056a8277-0729-4975-a1df-fe1cf363c437 DESKTOP-O2445N2 omnissans.local\philtest1 CIS-3M             Enabled        NotAvailable      Turn on SmartScreen Filter scan                                                
056a8277-0729-4975-a1df-fe1cf363c437 DESKTOP-O2445N2 omnissans.local\philtest1 CIS-3M             Disabled       NotAvailable      Turn on the auto-complete feature for user names and passwords on forms        
056a8277-0729-4975-a1df-fe1cf363c437 DESKTOP-O2445N2 omnissans.local\philtest1 CIS-3M             Enabled        NotAvailable      Xbox Live Auth Manager (XblAuthManager)                                        
056a8277-0729-4975-a1df-fe1cf363c437 DESKTOP-O2445N2 omnissans.local\philtest1 CIS-3M             Enabled        NotAvailable      Xbox Accessory Management Service (XboxGipSvc)                                 
056a8277-0729-4975-a1df-fe1cf363c437 DESKTOP-O2445N2 omnissans.local\philtest1 CIS-3M             Enabled        NotAvailable      Windows Defender Firewall with Advanced Security - Local Group Policy Object   
056a8277-0729-4975-a1df-fe1cf363c437 DESKTOP-O2445N2 omnissans.local\philtest1 CIS-3M             Enabled        NotAvailable      Web sites in less privileged Web content zones can navigate into this zone     
056a8277-0729-4975-a1df-fe1cf363c437 DESKTOP-O2445N2 omnissans.local\philtest1 CIS-3M             Enabled        NotAvailable      Web sites in less privileged Web content zones can navigate into this zone     
056a8277-0729-4975-a1df-fe1cf363c437 DESKTOP-O2445N2 omnissans.local\philtest1 CIS-3M             Enabled        NotAvailable      Userdata persistence                                                           
056a8277-0729-4975-a1df-fe1cf363c437 DESKTOP-O2445N2 omnissans.local\philtest1 CIS-3M             Enabled        NotAvailable      Userdata persistence                                                           
056a8277-0729-4975-a1df-fe1cf363c437 DESKTOP-O2445N2 omnissans.local\philtest1 CIS-3M             Enabled        NotAvailable      User Account Control: Virtualize file and registry write failures to per-user …
056a8277-0729-4975-a1df-fe1cf363c437 DESKTOP-O2445N2 omnissans.local\philtest1 CIS-3M             Enabled        NotAvailable      User Account Control: Run all administrators in Admin Approval Mode            
056a8277-0729-4975-a1df-fe1cf363c437 DESKTOP-O2445N2 omnissans.local\philtest1 CIS-3M             Enabled        NotAvailable      User Account Control: Only elevate UIAccess applications that are installed in…
056a8277-0729-4975-a1df-fe1cf363c437 DESKTOP-O2445N2 omnissans.local\philtest1 CIS-3M             Enabled        NotAvailable      User Account Control: Detect application installations and prompt for elevation
056a8277-0729-4975-a1df-fe1cf363c437 DESKTOP-O2445N2 omnissans.local\philtest1 CIS-3M             Enabled        NotAvailable      User Account Control: Configure type of Admin Approval Mode                    
056a8277-0729-4975-a1df-fe1cf363c437 DESKTOP-O2445N2 omnissans.local\philtest1 CIS-3M             Enabled        NotAvailable      User Account Control: Behavior of the elevation prompt for standard users      
056a8277-0729-4975-a1df-fe1cf363c437 DESKTOP-O2445N2 omnissans.local\philtest1 CIS-3M             Enabled        NotAvailable      User Account Control: Behavior of the elevation prompt for administrators runn…
056a8277-0729-4975-a1df-fe1cf363c437 DESKTOP-O2445N2 omnissans.local\philtest1 CIS-3M             Enabled        NotAvailable      User Account Control: Behavior of the elevation prompt for administrators in A…
056a8277-0729-4975-a1df-fe1cf363c437 DESKTOP-O2445N2 omnissans.local\philtest1 CIS-3M             Enabled        NotAvailable      User Account Control: Admin Approval Mode for the Built-in Administrator accou…
056a8277-0729-4975-a1df-fe1cf363c437 DESKTOP-O2445N2 omnissans.local\philtest1 CIS-3M             Enabled        NotAvailable      Use Pop-up Blocker                                                             
056a8277-0729-4975-a1df-fe1cf363c437 DESKTOP-O2445N2 omnissans.local\philtest1 CIS-3M             Enabled        NotAvailable      Use Pop-up Blocker                                                             
056a8277-0729-4975-a1df-fe1cf363c437 DESKTOP-O2445N2 omnissans.local\philtest1 CIS-3M             Enabled        NotAvailable      Turn On Virtualization Based Security                                          
056a8277-0729-4975-a1df-fe1cf363c437 DESKTOP-O2445N2 omnissans.local\philtest1 CIS-3M             Enabled        NotAvailable      Turn off Microsoft consumer experiences                                        
056a8277-0729-4975-a1df-fe1cf363c437 DESKTOP-O2445N2 omnissans.local\philtest1 CIS-3M             Enabled        NotAvailable      Turn off Internet download for Web publishing and online ordering wizards      
056a8277-0729-4975-a1df-fe1cf363c437 DESKTOP-O2445N2 omnissans.local\philtest1 CIS-3M             Enabled        NotAvailable      Turn off encryption support                                                    
056a8277-0729-4975-a1df-fe1cf363c437 DESKTOP-O2445N2 omnissans.local\philtest1 CIS-3M             Enabled        NotAvailable      Turn off downloading of print drivers over HTTP                                
056a8277-0729-4975-a1df-fe1cf363c437 DESKTOP-O2445N2 omnissans.local\philtest1 CIS-3M             Enabled        NotAvailable      Script ActiveX controls marked safe for scripting                              
056a8277-0729-4975-a1df-fe1cf363c437 DESKTOP-O2445N2 omnissans.local\philtest1 CIS-3M             Enabled        NotAvailable      Scan removable drives                                                          
056a8277-0729-4975-a1df-fe1cf363c437 DESKTOP-O2445N2 omnissans.local\philtest1 CIS-3M             Enabled        NotAvailable      Scan excluded files and directories during quick scans                         
056a8277-0729-4975-a1df-fe1cf363c437 DESKTOP-O2445N2 omnissans.local\philtest1 CIS-3M             Enabled        NotAvailable      Scan all downloaded files and attachments                                      
056a8277-0729-4975-a1df-fe1cf363c437 DESKTOP-O2445N2 omnissans.local\philtest1 CIS-3M             Enabled        NotAvailable      Run ActiveX controls and plugins                                               
056a8277-0729-4975-a1df-fe1cf363c437 DESKTOP-O2445N2 omnissans.local\philtest1 CIS-3M             Enabled        NotAvailable      Run .NET Framework-reliant components signed with Authenticode                 
056a8277-0729-4975-a1df-fe1cf363c437 DESKTOP-O2445N2 omnissans.local\philtest1 CIS-3M             Enabled        NotAvailable      Run .NET Framework-reliant components signed with Authenticode                 
056a8277-0729-4975-a1df-fe1cf363c437 DESKTOP-O2445N2 omnissans.local\philtest1 CIS-3M             Enabled        NotAvailable      Run .NET Framework-reliant components not signed with Authenticode             
056a8277-0729-4975-a1df-fe1cf363c437 DESKTOP-O2445N2 omnissans.local\philtest1 CIS-3M             Enabled        NotAvailable      Run .NET Framework-reliant components not signed with Authenticode             
056a8277-0729-4975-a1df-fe1cf363c437 DESKTOP-O2445N2 omnissans.local\philtest1 CIS-3M             Enabled        NotAvailable      Restrict Unauthenticated RPC clients                                           
056a8277-0729-4975-a1df-fe1cf363c437 DESKTOP-O2445N2 omnissans.local\philtest1 CIS-3M             Enabled        NotAvailable      Restore files and directories                                                  
056a8277-0729-4975-a1df-fe1cf363c437 DESKTOP-O2445N2 omnissans.local\philtest1 CIS-3M             Enabled        NotAvailable      Reset account lockout counter after                                            
056a8277-0729-4975-a1df-fe1cf363c437 DESKTOP-O2445N2 omnissans.local\philtest1 CIS-3M             Enabled        NotAvailable      Require secure RPC communication                                               
056a8277-0729-4975-a1df-fe1cf363c437 DESKTOP-O2445N2 omnissans.local\philtest1 CIS-3M             Disabled       NotAvailable      Require Encryption                                                             
056a8277-0729-4975-a1df-fe1cf363c437 DESKTOP-O2445N2 omnissans.local\philtest1 CIS-3M             Enabled        NotAvailable      Require a password when a computer wakes (plugged in)                          
056a8277-0729-4975-a1df-fe1cf363c437 DESKTOP-O2445N2 omnissans.local\philtest1 CIS-3M             Enabled        NotAvailable      Require a password when a computer wakes (on battery)                          
056a8277-0729-4975-a1df-fe1cf363c437 DESKTOP-O2445N2 omnissans.local\philtest1 CIS-3M             Enabled        NotAvailable      Remove "Run this time" button for outdated ActiveX controls in Internet Explor…
056a8277-0729-4975-a1df-fe1cf363c437 DESKTOP-O2445N2 omnissans.local\philtest1 CIS-3M             Enabled        NotAvailable      Remote host allows delegation of non-exportable credentials                    
056a8277-0729-4975-a1df-fe1cf363c437 DESKTOP-O2445N2 omnissans.local\philtest1 CIS-3M             Enabled        NotAvailable      Prohibit use of Internet Connection Sharing on your DNS domain network         
056a8277-0729-4975-a1df-fe1cf363c437 DESKTOP-O2445N2 omnissans.local\philtest1 CIS-3M             Enabled        NotAvailable      Scripting of Java applets                                                      
056a8277-0729-4975-a1df-fe1cf363c437 DESKTOP-O2445N2 omnissans.local\philtest1 CIS-3M             Enabled        NotAvailable      Encryption Oracle Remediation                                                  
056a8277-0729-4975-a1df-fe1cf363c437 DESKTOP-O2445N2 omnissans.local\philtest1 CIS-3M             Enabled        NotAvailable      Security Zones: Do not allow users to add/delete sites                         
056a8277-0729-4975-a1df-fe1cf363c437 DESKTOP-O2445N2 omnissans.local\philtest1 CIS-3M             Enabled        NotAvailable      Security Zones: Use only machine settings                                      
056a8277-0729-4975-a1df-fe1cf363c437 DESKTOP-O2445N2 omnissans.local\philtest1 CIS-3M             Enabled        NotAvailable      Turn off Crash Detection                                                       
056a8277-0729-4975-a1df-fe1cf363c437 DESKTOP-O2445N2 omnissans.local\philtest1 CIS-3M             Disabled       NotAvailable      Turn off blocking of outdated ActiveX controls for Internet Explorer           
056a8277-0729-4975-a1df-fe1cf363c437 DESKTOP-O2445N2 omnissans.local\philtest1 CIS-3M             Enabled        NotAvailable      Turn off Autoplay                                                              
056a8277-0729-4975-a1df-fe1cf363c437 DESKTOP-O2445N2 omnissans.local\philtest1 CIS-3M             Enabled        NotAvailable      Take ownership of files or other objects                                       
056a8277-0729-4975-a1df-fe1cf363c437 DESKTOP-O2445N2 omnissans.local\philtest1 CIS-3M             Enabled        NotAvailable      System objects: Strengthen default permissions of internal system objects (e.g…
056a8277-0729-4975-a1df-fe1cf363c437 DESKTOP-O2445N2 omnissans.local\philtest1 CIS-3M             Disabled       NotAvailable      Store passwords using reversible encryption                                    
056a8277-0729-4975-a1df-fe1cf363c437 DESKTOP-O2445N2 omnissans.local\philtest1 CIS-3M             Enabled        NotAvailable      Specify use of ActiveX Installer Service for installation of ActiveX controls  
056a8277-0729-4975-a1df-fe1cf363c437 DESKTOP-O2445N2 omnissans.local\philtest1 CIS-3M             Enabled        NotAvailable      Specify the maximum log file size (KB)                                         
056a8277-0729-4975-a1df-fe1cf363c437 DESKTOP-O2445N2 omnissans.local\philtest1 CIS-3M             Enabled        NotAvailable      Specify the maximum log file size (KB)                                         
056a8277-0729-4975-a1df-fe1cf363c437 DESKTOP-O2445N2 omnissans.local\philtest1 CIS-3M             Enabled        NotAvailable      Specify the maximum log file size (KB)                                         
056a8277-0729-4975-a1df-fe1cf363c437 DESKTOP-O2445N2 omnissans.local\philtest1 CIS-3M             Disabled       NotAvailable      Sign-in and lock last interactive user automatically after a restart           
056a8277-0729-4975-a1df-fe1cf363c437 DESKTOP-O2445N2 omnissans.local\philtest1 CIS-3M             Enabled        NotAvailable      Show security warning for potentially unsafe files                             
056a8277-0729-4975-a1df-fe1cf363c437 DESKTOP-O2445N2 omnissans.local\philtest1 CIS-3M             Enabled        NotAvailable      Show security warning for potentially unsafe files                             
056a8277-0729-4975-a1df-fe1cf363c437 DESKTOP-O2445N2 omnissans.local\philtest1 CIS-3M             Enabled        NotAvailable      Set the default behavior for AutoRun                                           
056a8277-0729-4975-a1df-fe1cf363c437 DESKTOP-O2445N2 omnissans.local\philtest1 CIS-3M             Enabled        NotAvailable      Set client connection encryption level                                         
056a8277-0729-4975-a1df-fe1cf363c437 DESKTOP-O2445N2 omnissans.local\philtest1 CIS-3M             Enabled        NotAvailable      Set authentication rate limiter delay (milliseconds)                           
056a8277-0729-4975-a1df-fe1cf363c437 DESKTOP-O2445N2 omnissans.local\philtest1 CIS-3M             Enabled        NotAvailable      Service Enabled                                                                
056a8277-0729-4975-a1df-fe1cf363c437 DESKTOP-O2445N2 omnissans.local\philtest1 CIS-3M             Enabled        NotAvailable      Send file samples when further analysis is required                            
056a8277-0729-4975-a1df-fe1cf363c437 DESKTOP-O2445N2 omnissans.local\philtest1 CIS-3M             Enabled        NotAvailable      Select cloud protection level                                                  
056a8277-0729-4975-a1df-fe1cf363c437 DESKTOP-O2445N2 omnissans.local\philtest1 CIS-3M             Enabled        NotAvailable      Security Zones: Do not allow users to change policies                          
056a8277-0729-4975-a1df-fe1cf363c437 DESKTOP-O2445N2 omnissans.local\philtest1 CIS-3M             Enabled        NotAvailable      Xbox Live Game Save (XblGameSave)                                              
056a8277-0729-4975-a1df-fe1cf363c437 DESKTOP-O2445N2 omnissans.local\philtest1 CIS-3M             Disabled       NotAvailable      Enables or disables Windows Game Recording and Broadcasting                    
056a8277-0729-4975-a1df-fe1cf363c437 DESKTOP-O2445N2 omnissans.local\philtest1 CIS-3M             Disabled       NotAvailable      Enable remote mailslots                                                        
056a8277-0729-4975-a1df-fe1cf363c437 DESKTOP-O2445N2 omnissans.local\philtest1 CIS-3M             Enabled        NotAvailable      Allow VBScript to run in Internet Explorer                                     
056a8277-0729-4975-a1df-fe1cf363c437 DESKTOP-O2445N2 omnissans.local\philtest1 CIS-3M             Disabled       NotAvailable      Allow user control over installs                                               
056a8277-0729-4975-a1df-fe1cf363c437 DESKTOP-O2445N2 omnissans.local\philtest1 CIS-3M             Enabled        NotAvailable      Allow updates to status bar via script                                         
056a8277-0729-4975-a1df-fe1cf363c437 DESKTOP-O2445N2 omnissans.local\philtest1 CIS-3M             Enabled        NotAvailable      Allow updates to status bar via script                                         
056a8277-0729-4975-a1df-fe1cf363c437 DESKTOP-O2445N2 omnissans.local\philtest1 CIS-3M             Disabled       NotAvailable      Allow unencrypted traffic                                                      
056a8277-0729-4975-a1df-fe1cf363c437 DESKTOP-O2445N2 omnissans.local\philtest1 CIS-3M             Disabled       NotAvailable      Allow unencrypted traffic                                                      
056a8277-0729-4975-a1df-fe1cf363c437 DESKTOP-O2445N2 omnissans.local\philtest1 CIS-3M             Disabled       NotAvailable      Allow standby states (S1-S3) when sleeping (plugged in)                        
056a8277-0729-4975-a1df-fe1cf363c437 DESKTOP-O2445N2 omnissans.local\philtest1 CIS-3M             Disabled       NotAvailable      Allow standby states (S1-S3) when sleeping (on battery)                        
056a8277-0729-4975-a1df-fe1cf363c437 DESKTOP-O2445N2 omnissans.local\philtest1 CIS-3M             Enabled        NotAvailable      Allow VBScript to run in Internet Explorer                                     
056a8277-0729-4975-a1df-fe1cf363c437 DESKTOP-O2445N2 omnissans.local\philtest1 CIS-3M             Disabled       NotAvailable      Allow software to run or install even if the signature is invalid              
056a8277-0729-4975-a1df-fe1cf363c437 DESKTOP-O2445N2 omnissans.local\philtest1 CIS-3M             Enabled        NotAvailable      Allow scriptlets                                                               
056a8277-0729-4975-a1df-fe1cf363c437 DESKTOP-O2445N2 omnissans.local\philtest1 CIS-3M             Enabled        NotAvailable      Allow script-initiated windows without size or position constraints            
056a8277-0729-4975-a1df-fe1cf363c437 DESKTOP-O2445N2 omnissans.local\philtest1 CIS-3M             Enabled        NotAvailable      Allow script-initiated windows without size or position constraints            
056a8277-0729-4975-a1df-fe1cf363c437 DESKTOP-O2445N2 omnissans.local\philtest1 CIS-3M             Enabled        NotAvailable      Allow scripting of Internet Explorer WebBrowser controls                       
056a8277-0729-4975-a1df-fe1cf363c437 DESKTOP-O2445N2 omnissans.local\philtest1 CIS-3M             Enabled        NotAvailable      Allow scripting of Internet Explorer WebBrowser controls                       
056a8277-0729-4975-a1df-fe1cf363c437 DESKTOP-O2445N2 omnissans.local\philtest1 CIS-3M             Enabled        NotAvailable      Allow only approved domains to use the TDC ActiveX control                     
056a8277-0729-4975-a1df-fe1cf363c437 DESKTOP-O2445N2 omnissans.local\philtest1 CIS-3M             Enabled        NotAvailable      Allow only approved domains to use the TDC ActiveX control                     
056a8277-0729-4975-a1df-fe1cf363c437 DESKTOP-O2445N2 omnissans.local\philtest1 CIS-3M             Enabled        NotAvailable      Allow only approved domains to use ActiveX controls without prompt             
056a8277-0729-4975-a1df-fe1cf363c437 DESKTOP-O2445N2 omnissans.local\philtest1 CIS-3M             Enabled        NotAvailable      Allow scriptlets                                                               
056a8277-0729-4975-a1df-fe1cf363c437 DESKTOP-O2445N2 omnissans.local\philtest1 CIS-3M             Enabled        NotAvailable      Allow Windows Ink Workspace                                                    
056a8277-0729-4975-a1df-fe1cf363c437 DESKTOP-O2445N2 omnissans.local\philtest1 CIS-3M             Disabled       NotAvailable      Allow Windows to automatically connect to suggested open hotspots, to networks…
056a8277-0729-4975-a1df-fe1cf363c437 DESKTOP-O2445N2 omnissans.local\philtest1 CIS-3M             Disabled       NotAvailable      Always install with elevated privileges                                        
056a8277-0729-4975-a1df-fe1cf363c437 DESKTOP-O2445N2 omnissans.local\philtest1 CIS-3M             Enabled        NotAvailable      Audit Other System Events                                                      
056a8277-0729-4975-a1df-fe1cf363c437 DESKTOP-O2445N2 omnissans.local\philtest1 CIS-3M             Enabled        NotAvailable      Audit Other Policy Change Events                                               
056a8277-0729-4975-a1df-fe1cf363c437 DESKTOP-O2445N2 omnissans.local\philtest1 CIS-3M             Enabled        NotAvailable      Audit Other Object Access Events                                               
056a8277-0729-4975-a1df-fe1cf363c437 DESKTOP-O2445N2 omnissans.local\philtest1 CIS-3M             Enabled        NotAvailable      Audit Other Logon/Logoff Events                                                
056a8277-0729-4975-a1df-fe1cf363c437 DESKTOP-O2445N2 omnissans.local\philtest1 CIS-3M             Enabled        NotAvailable      Audit MPSSVC Rule-Level Policy Change                                          
056a8277-0729-4975-a1df-fe1cf363c437 DESKTOP-O2445N2 omnissans.local\philtest1 CIS-3M             Enabled        NotAvailable      Audit Logon                                                                    
056a8277-0729-4975-a1df-fe1cf363c437 DESKTOP-O2445N2 omnissans.local\philtest1 CIS-3M             Enabled        NotAvailable      Audit insecure guest logon                                                     
056a8277-0729-4975-a1df-fe1cf363c437 DESKTOP-O2445N2 omnissans.local\philtest1 CIS-3M             Enabled        NotAvailable      Audit insecure guest logon                                                     
056a8277-0729-4975-a1df-fe1cf363c437 DESKTOP-O2445N2 omnissans.local\philtest1 CIS-3M             Enabled        NotAvailable      Audit Group Membership                                                         
056a8277-0729-4975-a1df-fe1cf363c437 DESKTOP-O2445N2 omnissans.local\philtest1 CIS-3M             Enabled        NotAvailable      Audit File Share                                                               
056a8277-0729-4975-a1df-fe1cf363c437 DESKTOP-O2445N2 omnissans.local\philtest1 CIS-3M             Enabled        NotAvailable      Audit Detailed File Share                                                      
056a8277-0729-4975-a1df-fe1cf363c437 DESKTOP-O2445N2 omnissans.local\philtest1 CIS-3M             Enabled        NotAvailable      Audit Credential Validation                                                    
056a8277-0729-4975-a1df-fe1cf363c437 DESKTOP-O2445N2 omnissans.local\philtest1 CIS-3M             Enabled        NotAvailable      Audit client does not support signing                                          
056a8277-0729-4975-a1df-fe1cf363c437 DESKTOP-O2445N2 omnissans.local\philtest1 CIS-3M             Enabled        NotAvailable      Audit client does not support encryption                                       
056a8277-0729-4975-a1df-fe1cf363c437 DESKTOP-O2445N2 omnissans.local\philtest1 CIS-3M             Enabled        NotAvailable      Audit Authentication Policy Change                                             
056a8277-0729-4975-a1df-fe1cf363c437 DESKTOP-O2445N2 omnissans.local\philtest1 CIS-3M             Enabled        NotAvailable      Audit Audit Policy Change                                                      
056a8277-0729-4975-a1df-fe1cf363c437 DESKTOP-O2445N2 omnissans.local\philtest1 CIS-3M             Enabled        NotAvailable      Audit Account Lockout                                                          
056a8277-0729-4975-a1df-fe1cf363c437 DESKTOP-O2445N2 omnissans.local\philtest1 CIS-3M             NotConfigured  NotAvailable      Apply UAC restrictions to local accounts on network logons                     
056a8277-0729-4975-a1df-fe1cf363c437 DESKTOP-O2445N2 omnissans.local\philtest1 CIS-3M             Enabled        NotAvailable      Always prompt for password upon connection                                     
056a8277-0729-4975-a1df-fe1cf363c437 DESKTOP-O2445N2 omnissans.local\philtest1 CIS-3M             Enabled        NotAvailable      Allow only approved domains to use ActiveX controls without prompt             
056a8277-0729-4975-a1df-fe1cf363c437 DESKTOP-O2445N2 omnissans.local\philtest1 CIS-3M             Enabled        NotAvailable      Audit PNP Activity                                                             
056a8277-0729-4975-a1df-fe1cf363c437 DESKTOP-O2445N2 omnissans.local\philtest1 CIS-3M             Enabled        NotAvailable      Allow Microsoft accounts to be optional                                        
056a8277-0729-4975-a1df-fe1cf363c437 DESKTOP-O2445N2 omnissans.local\philtest1 CIS-3M             Enabled        NotAvailable      Allow log on locally                                                           
056a8277-0729-4975-a1df-fe1cf363c437 DESKTOP-O2445N2 omnissans.local\philtest1 CIS-3M             Enabled        NotAvailable      Access Credential Manager as a trusted caller                                  
11f3c97e-8f65-4d0e-8d07-377c442dcb67 DESKTOP-120LONF omnissans.local\philtest1 LighthouseAPJ      Enabled        NonCompliant      User Account Control: Configure type of Admin Approval Mode                    
11f3c97e-8f65-4d0e-8d07-377c442dcb67 DESKTOP-120LONF omnissans.local\philtest1 LighthouseAPJ      Enabled        NonCompliant      User Account Control: Behavior of the elevation prompt for administrators runn…
11f3c97e-8f65-4d0e-8d07-377c442dcb67 DESKTOP-120LONF omnissans.local\philtest1 LighthouseAPJ      Enabled        NonCompliant      Reset account lockout counter after                                            
11f3c97e-8f65-4d0e-8d07-377c442dcb67 DESKTOP-120LONF omnissans.local\philtest1 LighthouseAPJ      Enabled        NonCompliant      Allow Administrator account lockout                                            
11f3c97e-8f65-4d0e-8d07-377c442dcb67 DESKTOP-120LONF omnissans.local\philtest1 LighthouseAPJ      Enabled        NonCompliant      Account lockout threshold                                                      
11f3c97e-8f65-4d0e-8d07-377c442dcb67 DESKTOP-120LONF omnissans.local\philtest1 LighthouseAPJ      Enabled        NonCompliant      Account lockout duration                                                       
ec9a4aff-c76f-4843-9315-912a81f1892a DESKTOP-120LONF omnissans.local\philtest1 LighthouseAPJ      Enabled        NonCompliant      User Account Control: Configure type of Admin Approval Mode                    
056a8277-0729-4975-a1df-fe1cf363c437 DESKTOP-O2445N2 omnissans.local\philtest1 CIS-3M             Enabled        NotAvailable      Access data sources across domains                                             
ec9a4aff-c76f-4843-9315-912a81f1892a DESKTOP-120LONF omnissans.local\philtest1 LighthouseAPJ      Enabled        NonCompliant      User Account Control: Behavior of the elevation prompt for administrators runn…
ec9a4aff-c76f-4843-9315-912a81f1892a DESKTOP-120LONF omnissans.local\philtest1 LighthouseAPJ      Enabled        NonCompliant      Allow Administrator account lockout                                            
ec9a4aff-c76f-4843-9315-912a81f1892a DESKTOP-120LONF omnissans.local\philtest1 LighthouseAPJ      Enabled        NonCompliant      Account lockout threshold                                                      
ec9a4aff-c76f-4843-9315-912a81f1892a DESKTOP-120LONF omnissans.local\philtest1 LighthouseAPJ      Enabled        NonCompliant      Account lockout duration                                                       
c6ea923b-57bf-4159-9ba4-2aaeb344b2bd DESKTOP-120LONF omnissans.local\philtest1 NCEE               Enabled        NonCompliant      User Account Control: Configure type of Admin Approval Mode                    
c6ea923b-57bf-4159-9ba4-2aaeb344b2bd DESKTOP-120LONF omnissans.local\philtest1 NCEE               Enabled        NonCompliant      User Account Control: Behavior of the elevation prompt for administrators runn…
c6ea923b-57bf-4159-9ba4-2aaeb344b2bd DESKTOP-120LONF omnissans.local\philtest1 NCEE               Enabled        NonCompliant      Reset account lockout counter after                                            
c6ea923b-57bf-4159-9ba4-2aaeb344b2bd DESKTOP-120LONF omnissans.local\philtest1 NCEE               Enabled        NonCompliant      Allow Administrator account lockout                                            
c6ea923b-57bf-4159-9ba4-2aaeb344b2bd DESKTOP-120LONF omnissans.local\philtest1 NCEE               Enabled        NonCompliant      Account lockout threshold                                                      
ec9a4aff-c76f-4843-9315-912a81f1892a DESKTOP-120LONF omnissans.local\philtest1 LighthouseAPJ      Enabled        NonCompliant      Reset account lockout counter after                                            
056a8277-0729-4975-a1df-fe1cf363c437 DESKTOP-O2445N2 omnissans.local\philtest1 CIS-3M             Enabled        NotAvailable      Access data sources across domains                                             
056a8277-0729-4975-a1df-fe1cf363c437 DESKTOP-O2445N2 omnissans.local\philtest1 CIS-3M             Enabled        NotAvailable      Access this computer from the network                                          
056a8277-0729-4975-a1df-fe1cf363c437 DESKTOP-O2445N2 omnissans.local\philtest1 CIS-3M             Enabled        NotAvailable      Account lockout duration                                                       
056a8277-0729-4975-a1df-fe1cf363c437 DESKTOP-O2445N2 omnissans.local\philtest1 CIS-3M             Enabled        NotAvailable      Allow loading of XAML files                                                    
056a8277-0729-4975-a1df-fe1cf363c437 DESKTOP-O2445N2 omnissans.local\philtest1 CIS-3M             Enabled        NotAvailable      Allow loading of XAML files                                                    
056a8277-0729-4975-a1df-fe1cf363c437 DESKTOP-O2445N2 omnissans.local\philtest1 CIS-3M             Disabled       NotAvailable      Allow indexing of encrypted files                                              
056a8277-0729-4975-a1df-fe1cf363c437 DESKTOP-O2445N2 omnissans.local\philtest1 CIS-3M             Enabled        NotAvailable      Allow file downloads                                                           
056a8277-0729-4975-a1df-fe1cf363c437 DESKTOP-O2445N2 omnissans.local\philtest1 CIS-3M             Enabled        NotAvailable      Allow fallback to SSL 3.0 (Internet Explorer)                                  
056a8277-0729-4975-a1df-fe1cf363c437 DESKTOP-O2445N2 omnissans.local\philtest1 CIS-3M             Enabled        NotAvailable      Allow enhanced PINs for startup                                                
056a8277-0729-4975-a1df-fe1cf363c437 DESKTOP-O2445N2 omnissans.local\philtest1 CIS-3M             Enabled        NotAvailable      Allow drag and drop or copy and paste files                                    
056a8277-0729-4975-a1df-fe1cf363c437 DESKTOP-O2445N2 omnissans.local\philtest1 CIS-3M             Enabled        NotAvailable      Allow drag and drop or copy and paste files                                    
056a8277-0729-4975-a1df-fe1cf363c437 DESKTOP-O2445N2 omnissans.local\philtest1 CIS-3M             Enabled        NotAvailable      Allow cut, copy or paste operations from the clipboard via script              
056a8277-0729-4975-a1df-fe1cf363c437 DESKTOP-O2445N2 omnissans.local\philtest1 CIS-3M             Enabled        NotAvailable      Allow cut, copy or paste operations from the clipboard via script              
056a8277-0729-4975-a1df-fe1cf363c437 DESKTOP-O2445N2 omnissans.local\philtest1 CIS-3M             Disabled       NotAvailable      Allow Custom SSPs and APs to be loaded into LSASS                              
056a8277-0729-4975-a1df-fe1cf363c437 DESKTOP-O2445N2 omnissans.local\philtest1 CIS-3M             Enabled        NotAvailable      Allow binary and script behaviors                                              
056a8277-0729-4975-a1df-fe1cf363c437 DESKTOP-O2445N2 omnissans.local\philtest1 CIS-3M             Disabled       NotAvailable      Allow Basic authentication                                                     
056a8277-0729-4975-a1df-fe1cf363c437 DESKTOP-O2445N2 omnissans.local\philtest1 CIS-3M             Disabled       NotAvailable      Allow Basic authentication                                                     
056a8277-0729-4975-a1df-fe1cf363c437 DESKTOP-O2445N2 omnissans.local\philtest1 CIS-3M             Enabled        NotAvailable      Allow Administrator account lockout                                            
056a8277-0729-4975-a1df-fe1cf363c437 DESKTOP-O2445N2 omnissans.local\philtest1 CIS-3M             Enabled        NotAvailable      Allow active scripting                                                         
056a8277-0729-4975-a1df-fe1cf363c437 DESKTOP-O2445N2 omnissans.local\philtest1 CIS-3M             Enabled        NotAvailable      Act as part of the operating system                                            
056a8277-0729-4975-a1df-fe1cf363c437 DESKTOP-O2445N2 omnissans.local\philtest1 CIS-3M             Enabled        NotAvailable      Accounts: Limit local account use of blank passwords to console logon only     
056a8277-0729-4975-a1df-fe1cf363c437 DESKTOP-O2445N2 omnissans.local\philtest1 CIS-3M             Enabled        NotAvailable      Account lockout threshold                                                      
056a8277-0729-4975-a1df-fe1cf363c437 DESKTOP-O2445N2 omnissans.local\philtest1 CIS-3M             Enabled        NotAvailable      Allow META REFRESH                                                             
056a8277-0729-4975-a1df-fe1cf363c437 DESKTOP-O2445N2 omnissans.local\philtest1 CIS-3M             Enabled        NotAvailable      Audit Process Creation                                                         
056a8277-0729-4975-a1df-fe1cf363c437 DESKTOP-O2445N2 omnissans.local\philtest1 CIS-3M             Enabled        NotAvailable      Audit Removable Storage                                                        
056a8277-0729-4975-a1df-fe1cf363c437 DESKTOP-O2445N2 omnissans.local\philtest1 CIS-3M             Enabled        NotAvailable      Audit Security Group Management                                                
056a8277-0729-4975-a1df-fe1cf363c437 DESKTOP-O2445N2 omnissans.local\philtest1 CIS-3M             Enabled        NotAvailable      Domain member: Digitally encrypt secure channel data (when possible)           
056a8277-0729-4975-a1df-fe1cf363c437 DESKTOP-O2445N2 omnissans.local\philtest1 CIS-3M             Enabled        NotAvailable      Domain member: Digitally encrypt or sign secure channel data (always)          
056a8277-0729-4975-a1df-fe1cf363c437 DESKTOP-O2445N2 omnissans.local\philtest1 CIS-3M             Enabled        NotAvailable      Do not suggest third-party content in Windows spotlight                        
056a8277-0729-4975-a1df-fe1cf363c437 DESKTOP-O2445N2 omnissans.local\philtest1 CIS-3M             Disabled       NotAvailable      Do not apply the Mark of the Web tag to files copied from insecure sources     
056a8277-0729-4975-a1df-fe1cf363c437 DESKTOP-O2445N2 omnissans.local\philtest1 CIS-3M             Enabled        NotAvailable      Do not allow passwords to be saved                                             
056a8277-0729-4975-a1df-fe1cf363c437 DESKTOP-O2445N2 omnissans.local\philtest1 CIS-3M             Enabled        NotAvailable      Do not allow drive redirection                                                 
056a8277-0729-4975-a1df-fe1cf363c437 DESKTOP-O2445N2 omnissans.local\philtest1 CIS-3M             Enabled        NotAvailable      Do not allow ActiveX controls to run in Protected Mode when Enhanced Protected…
056a8277-0729-4975-a1df-fe1cf363c437 DESKTOP-O2445N2 omnissans.local\philtest1 CIS-3M             Enabled        NotAvailable      Disallow WinRM from storing RunAs credentials                                  
056a8277-0729-4975-a1df-fe1cf363c437 DESKTOP-O2445N2 omnissans.local\philtest1 CIS-3M             Enabled        NotAvailable      Domain member: Digitally sign secure channel data (when possible)              
056a8277-0729-4975-a1df-fe1cf363c437 DESKTOP-O2445N2 omnissans.local\philtest1 CIS-3M             Enabled        NotAvailable      Disallow Digest authentication                                                 
056a8277-0729-4975-a1df-fe1cf363c437 DESKTOP-O2445N2 omnissans.local\philtest1 CIS-3M             Enabled        NotAvailable      Disable new DMA devices when this computer is locked                           
056a8277-0729-4975-a1df-fe1cf363c437 DESKTOP-O2445N2 omnissans.local\philtest1 CIS-3M             Enabled        NotAvailable      Disable Internet Explorer 11 Launch Via COM Automation                         
056a8277-0729-4975-a1df-fe1cf363c437 DESKTOP-O2445N2 omnissans.local\philtest1 CIS-3M             Enabled        NotAvailable      Deny write access to removable drives not protected by BitLocker               
056a8277-0729-4975-a1df-fe1cf363c437 DESKTOP-O2445N2 omnissans.local\philtest1 CIS-3M             Enabled        NotAvailable      Deny log on through Remote Desktop Services                                    
056a8277-0729-4975-a1df-fe1cf363c437 DESKTOP-O2445N2 omnissans.local\philtest1 CIS-3M             Enabled        NotAvailable      Deny access to this computer from the network                                  
056a8277-0729-4975-a1df-fe1cf363c437 DESKTOP-O2445N2 omnissans.local\philtest1 CIS-3M             Enabled        NotAvailable      Debug programs                                                                 
056a8277-0729-4975-a1df-fe1cf363c437 DESKTOP-O2445N2 omnissans.local\philtest1 CIS-3M             Enabled        NotAvailable      Create permanent shared objects                                                
056a8277-0729-4975-a1df-fe1cf363c437 DESKTOP-O2445N2 omnissans.local\philtest1 CIS-3M             Enabled        NotAvailable      Create global objects                                                          
056a8277-0729-4975-a1df-fe1cf363c437 DESKTOP-O2445N2 omnissans.local\philtest1 CIS-3M             Enabled        NotAvailable      Disallow Autoplay for non-volume devices                                       
056a8277-0729-4975-a1df-fe1cf363c437 DESKTOP-O2445N2 omnissans.local\philtest1 CIS-3M             Disabled       NotAvailable      Domain member: Disable machine account password changes                        
056a8277-0729-4975-a1df-fe1cf363c437 DESKTOP-O2445N2 omnissans.local\philtest1 CIS-3M             Enabled        NotAvailable      Domain member: Require strong (Windows 2000 or later) session key              
056a8277-0729-4975-a1df-fe1cf363c437 DESKTOP-O2445N2 omnissans.local\philtest1 CIS-3M             Enabled        NotAvailable      Don't run antimalware programs against ActiveX controls                        
056a8277-0729-4975-a1df-fe1cf363c437 DESKTOP-O2445N2 omnissans.local\philtest1 CIS-3M             Disabled       NotAvailable      Enable remote mailslots                                                        
056a8277-0729-4975-a1df-fe1cf363c437 DESKTOP-O2445N2 omnissans.local\philtest1 CIS-3M             Enabled        NotAvailable      Enable password encryption                                                     
056a8277-0729-4975-a1df-fe1cf363c437 DESKTOP-O2445N2 omnissans.local\philtest1 CIS-3M             Enabled        NotAvailable      Enable password backup for DSRM accounts                                       
056a8277-0729-4975-a1df-fe1cf363c437 DESKTOP-O2445N2 omnissans.local\philtest1 CIS-3M             Disabled       NotAvailable      Enable insecure guest logons                                                   
056a8277-0729-4975-a1df-fe1cf363c437 DESKTOP-O2445N2 omnissans.local\philtest1 CIS-3M             Enabled        NotAvailable      Enable EDR in block mode                                                       
056a8277-0729-4975-a1df-fe1cf363c437 DESKTOP-O2445N2 omnissans.local\philtest1 CIS-3M             Enabled        NotAvailable      Enable dragging of content from different domains within a window              
056a8277-0729-4975-a1df-fe1cf363c437 DESKTOP-O2445N2 omnissans.local\philtest1 CIS-3M             Enabled        NotAvailable      Enable dragging of content from different domains within a window              
056a8277-0729-4975-a1df-fe1cf363c437 DESKTOP-O2445N2 omnissans.local\philtest1 CIS-3M             Enabled        NotAvailable      Enable dragging of content from different domains across windows               
056a8277-0729-4975-a1df-fe1cf363c437 DESKTOP-O2445N2 omnissans.local\philtest1 CIS-3M             Enabled        NotAvailable      Enable dragging of content from different domains across windows               
056a8277-0729-4975-a1df-fe1cf363c437 DESKTOP-O2445N2 omnissans.local\philtest1 CIS-3M             Enabled        NotAvailable      Enable computer and user accounts to be trusted for delegation                 
056a8277-0729-4975-a1df-fe1cf363c437 DESKTOP-O2445N2 omnissans.local\philtest1 CIS-3M             Enabled        NotAvailable      Enable authentication rate limiter                                             
056a8277-0729-4975-a1df-fe1cf363c437 DESKTOP-O2445N2 omnissans.local\philtest1 CIS-3M             Enabled        NotAvailable      Download unsigned ActiveX controls                                             
056a8277-0729-4975-a1df-fe1cf363c437 DESKTOP-O2445N2 omnissans.local\philtest1 CIS-3M             Enabled        NotAvailable      Download unsigned ActiveX controls                                             
056a8277-0729-4975-a1df-fe1cf363c437 DESKTOP-O2445N2 omnissans.local\philtest1 CIS-3M             Enabled        NotAvailable      Download signed ActiveX controls                                               
056a8277-0729-4975-a1df-fe1cf363c437 DESKTOP-O2445N2 omnissans.local\philtest1 CIS-3M             Enabled        NotAvailable      Download signed ActiveX controls                                               
056a8277-0729-4975-a1df-fe1cf363c437 DESKTOP-O2445N2 omnissans.local\philtest1 CIS-3M             Enabled        NotAvailable      Don't run antimalware programs against ActiveX controls                        
056a8277-0729-4975-a1df-fe1cf363c437 DESKTOP-O2445N2 omnissans.local\philtest1 CIS-3M             Enabled        NotAvailable      Don't run antimalware programs against ActiveX controls                        
056a8277-0729-4975-a1df-fe1cf363c437 DESKTOP-O2445N2 omnissans.local\philtest1 CIS-3M             Enabled        NotAvailable      Don't run antimalware programs against ActiveX controls                        
056a8277-0729-4975-a1df-fe1cf363c437 DESKTOP-O2445N2 omnissans.local\philtest1 CIS-3M             Enabled        NotAvailable      Don't run antimalware programs against ActiveX controls                        
056a8277-0729-4975-a1df-fe1cf363c437 DESKTOP-O2445N2 omnissans.local\philtest1 CIS-3M             Enabled        NotAvailable      Create a token object                                                          
056a8277-0729-4975-a1df-fe1cf363c437 DESKTOP-O2445N2 omnissans.local\philtest1 CIS-3M             Enabled        NotAvailable      Create a pagefile                                                              
056a8277-0729-4975-a1df-fe1cf363c437 DESKTOP-O2445N2 omnissans.local\philtest1 CIS-3M             Enabled        NotAvailable      Convert warn verdict to block                                                  
056a8277-0729-4975-a1df-fe1cf363c437 DESKTOP-O2445N2 omnissans.local\philtest1 CIS-3M             Enabled        NotAvailable      Control whether or not exclusions are visible to Local Admins                  
056a8277-0729-4975-a1df-fe1cf363c437 DESKTOP-O2445N2 omnissans.local\philtest1 CIS-3M             Enabled        NotAvailable      Configure extended cloud check                                                 
056a8277-0729-4975-a1df-fe1cf363c437 DESKTOP-O2445N2 omnissans.local\philtest1 CIS-3M             Enabled        NotAvailable      Configure enhanced anti-spoofing                                               
056a8277-0729-4975-a1df-fe1cf363c437 DESKTOP-O2445N2 omnissans.local\philtest1 CIS-3M             Enabled        NotAvailable      Configure detection for potentially unwanted applications                      
056a8277-0729-4975-a1df-fe1cf363c437 DESKTOP-O2445N2 omnissans.local\philtest1 CIS-3M             Enabled        NotAvailable      Configure Attack Surface Reduction rules                                       
056a8277-0729-4975-a1df-fe1cf363c437 DESKTOP-O2445N2 omnissans.local\philtest1 CIS-3M             Enabled        NotAvailable      Check for signatures on downloaded programs                                    
056a8277-0729-4975-a1df-fe1cf363c437 DESKTOP-O2445N2 omnissans.local\philtest1 CIS-3M             Enabled        NotAvailable      Check for server certificate revocation                                        
056a8277-0729-4975-a1df-fe1cf363c437 DESKTOP-O2445N2 omnissans.local\philtest1 CIS-3M             Enabled        NotAvailable      Boot-Start Driver Initialization Policy                                        
056a8277-0729-4975-a1df-fe1cf363c437 DESKTOP-O2445N2 omnissans.local\philtest1 CIS-3M             Enabled        NotAvailable      Back up files and directories                                                  
056a8277-0729-4975-a1df-fe1cf363c437 DESKTOP-O2445N2 omnissans.local\philtest1 CIS-3M             Enabled        NotAvailable      Automatic prompting for file downloads                                         
056a8277-0729-4975-a1df-fe1cf363c437 DESKTOP-O2445N2 omnissans.local\philtest1 CIS-3M             Enabled        NotAvailable      Automatic prompting for file downloads                                         
056a8277-0729-4975-a1df-fe1cf363c437 DESKTOP-O2445N2 omnissans.local\philtest1 CIS-3M             Enabled        NotAvailable      Audit: Force audit policy subcategory settings (Windows Vista or later) to ove…
056a8277-0729-4975-a1df-fe1cf363c437 DESKTOP-O2445N2 omnissans.local\philtest1 CIS-3M             Enabled        NotAvailable      Audit User Account Management                                                  
056a8277-0729-4975-a1df-fe1cf363c437 DESKTOP-O2445N2 omnissans.local\philtest1 CIS-3M             Enabled        NotAvailable      Audit System Integrity                                                         
056a8277-0729-4975-a1df-fe1cf363c437 DESKTOP-O2445N2 omnissans.local\philtest1 CIS-3M             Enabled        NotAvailable      Audit Special Logon                                                            
056a8277-0729-4975-a1df-fe1cf363c437 DESKTOP-O2445N2 omnissans.local\philtest1 CIS-3M             Enabled        NotAvailable      Audit server does not support signing                                          
056a8277-0729-4975-a1df-fe1cf363c437 DESKTOP-O2445N2 omnissans.local\philtest1 CIS-3M             Enabled        NotAvailable      Audit server does not support encryption                                       
056a8277-0729-4975-a1df-fe1cf363c437 DESKTOP-O2445N2 omnissans.local\philtest1 CIS-3M             Enabled        NotAvailable      Audit Sensitive Privilege Use                                                  
056a8277-0729-4975-a1df-fe1cf363c437 DESKTOP-O2445N2 omnissans.local\philtest1 CIS-3M             Enabled        NotAvailable      Audit Security System Extension                                                
056a8277-0729-4975-a1df-fe1cf363c437 DESKTOP-O2445N2 omnissans.local\philtest1 CIS-3M             Enabled        NotAvailable      Audit Security State Change                                                    
056a8277-0729-4975-a1df-fe1cf363c437 DESKTOP-O2445N2 omnissans.local\philtest1 CIS-3M             Enabled        NotAvailable      Configure hash algorithms for certificate logon                                
056a8277-0729-4975-a1df-fe1cf363c437 DESKTOP-O2445N2 omnissans.local\philtest1 CIS-3M             Enabled        NotAvailable      Enable Structured Exception Handling Overwrite Protection (SEHOP)              
056a8277-0729-4975-a1df-fe1cf363c437 DESKTOP-O2445N2 omnissans.local\philtest1 CIS-3M             Enabled        NotAvailable      Configure hash algorithms for certificate logon                                
056a8277-0729-4975-a1df-fe1cf363c437 DESKTOP-O2445N2 omnissans.local\philtest1 CIS-3M             Enabled        NotAvailable      Configure monitoring for incoming and outgoing file and program activity       
056a8277-0729-4975-a1df-fe1cf363c437 DESKTOP-O2445N2 omnissans.local\philtest1 CIS-3M             Enabled        NotAvailable      Configures LSASS to run as a protected process                                 
056a8277-0729-4975-a1df-fe1cf363c437 DESKTOP-O2445N2 omnissans.local\philtest1 CIS-3M             Enabled        NotAvailable      Configure Windows Defender SmartScreen                                         
056a8277-0729-4975-a1df-fe1cf363c437 DESKTOP-O2445N2 omnissans.local\philtest1 CIS-3M             Enabled        NotAvailable      Configure Windows Defender SmartScreen                                         
056a8277-0729-4975-a1df-fe1cf363c437 DESKTOP-O2445N2 omnissans.local\philtest1 CIS-3M             Enabled        NotAvailable      Configure whether to report Dynamic Signature dropped events                   
056a8277-0729-4975-a1df-fe1cf363c437 DESKTOP-O2445N2 omnissans.local\philtest1 CIS-3M             Disabled       NotAvailable      Configure the transmission of the user's password in the content of MPR notifi…
056a8277-0729-4975-a1df-fe1cf363c437 DESKTOP-O2445N2 omnissans.local\philtest1 CIS-3M             Enabled        NotAvailable      Configure the 'Block at First Sight' feature                                   
056a8277-0729-4975-a1df-fe1cf363c437 DESKTOP-O2445N2 omnissans.local\philtest1 CIS-3M             Enabled        NotAvailable      Configure the behavior of the sudo command                                     
056a8277-0729-4975-a1df-fe1cf363c437 DESKTOP-O2445N2 omnissans.local\philtest1 CIS-3M             Disabled       NotAvailable      Configure Solicited Remote Assistance                                          
056a8277-0729-4975-a1df-fe1cf363c437 DESKTOP-O2445N2 omnissans.local\philtest1 CIS-3M             Disabled       NotAvailable      Configure SMB v1 server                                                        
056a8277-0729-4975-a1df-fe1cf363c437 DESKTOP-O2445N2 omnissans.local\philtest1 CIS-3M             Enabled        NotAvailable      Configure SMB v1 client driver                                                 
056a8277-0729-4975-a1df-fe1cf363c437 DESKTOP-O2445N2 omnissans.local\philtest1 CIS-3M             Enabled        NotAvailable      Configure RPC packet level privacy setting for incoming connections            
056a8277-0729-4975-a1df-fe1cf363c437 DESKTOP-O2445N2 omnissans.local\philtest1 CIS-3M             Enabled        NotAvailable      Configure RPC packet level privacy setting for incoming connections            
056a8277-0729-4975-a1df-fe1cf363c437 DESKTOP-O2445N2 omnissans.local\philtest1 CIS-3M             Enabled        NotAvailable      Configure RPC over TCP port                                                    
056a8277-0729-4975-a1df-fe1cf363c437 DESKTOP-O2445N2 omnissans.local\philtest1 CIS-3M             Enabled        NotAvailable      Configure RPC listener settings                                                
056a8277-0729-4975-a1df-fe1cf363c437 DESKTOP-O2445N2 omnissans.local\philtest1 CIS-3M             Enabled        NotAvailable      Configure RPC connection settings                                              
056a8277-0729-4975-a1df-fe1cf363c437 DESKTOP-O2445N2 omnissans.local\philtest1 CIS-3M             Enabled        NotAvailable      Configure Redirection Guard                                                    
056a8277-0729-4975-a1df-fe1cf363c437 DESKTOP-O2445N2 omnissans.local\philtest1 CIS-3M             Enabled        NotAvailable      Configure real-time protection and Security Intelligence Updates during OOBE   
056a8277-0729-4975-a1df-fe1cf363c437 DESKTOP-O2445N2 omnissans.local\philtest1 CIS-3M             Enabled        NotAvailable      Configure password backup directory                                            
056a8277-0729-4975-a1df-fe1cf363c437 DESKTOP-O2445N2 omnissans.local\philtest1 CIS-3M             Enabled        NotAvailable      Configure NetBIOS settings                                                     
056a8277-0729-4975-a1df-fe1cf363c437 DESKTOP-O2445N2 omnissans.local\philtest1 CIS-3M             Disabled       NotAvailable      Configure local administrator merge behavior for lists                         
056a8277-0729-4975-a1df-fe1cf363c437 DESKTOP-O2445N2 omnissans.local\philtest1 CIS-3M             Enabled        NotAvailable      Xbox Live Networking Service (XboxNetApiSvc)                                   


************************************************************************

	Completed report on NonCompliant,NotAvailable Devices and Settings for MS25H2 Baseline in LighthouseAPJ

************************************************************************

